Archive member included to satisfy reference by file (symbol)

d:/armgcc/9 2020-q2-update/bin/../lib/gcc/arm-none-eabi/9.3.1/../../../../arm-none-eabi/lib/thumb/v7-m/nofp\libc_nano.a(lib_a-exit.o)
                              d:/armgcc/9 2020-q2-update/bin/../lib/gcc/arm-none-eabi/9.3.1/../../../../arm-none-eabi/lib/thumb/v7-m/nofp/crt0.o (exit)
d:/armgcc/9 2020-q2-update/bin/../lib/gcc/arm-none-eabi/9.3.1/../../../../arm-none-eabi/lib/thumb/v7-m/nofp\libc_nano.a(lib_a-impure.o)
                              d:/armgcc/9 2020-q2-update/bin/../lib/gcc/arm-none-eabi/9.3.1/../../../../arm-none-eabi/lib/thumb/v7-m/nofp\libc_nano.a(lib_a-exit.o) (_global_impure_ptr)
d:/armgcc/9 2020-q2-update/bin/../lib/gcc/arm-none-eabi/9.3.1/../../../../arm-none-eabi/lib/thumb/v7-m/nofp\libc_nano.a(lib_a-init.o)
                              d:/armgcc/9 2020-q2-update/bin/../lib/gcc/arm-none-eabi/9.3.1/../../../../arm-none-eabi/lib/thumb/v7-m/nofp/crt0.o (__libc_init_array)
d:/armgcc/9 2020-q2-update/bin/../lib/gcc/arm-none-eabi/9.3.1/../../../../arm-none-eabi/lib/thumb/v7-m/nofp\libc_nano.a(lib_a-memset.o)
                              d:/armgcc/9 2020-q2-update/bin/../lib/gcc/arm-none-eabi/9.3.1/../../../../arm-none-eabi/lib/thumb/v7-m/nofp/crt0.o (memset)
d:/armgcc/9 2020-q2-update/bin/../lib/gcc/arm-none-eabi/9.3.1/../../../../arm-none-eabi/lib/thumb/v7-m/nofp\libc_nano.a(lib_a-nano-vfprintf_float.o)
                              (_printf_float)
d:/armgcc/9 2020-q2-update/bin/../lib/gcc/arm-none-eabi/9.3.1/../../../../arm-none-eabi/lib/thumb/v7-m/nofp\libc_nano.a(lib_a-nano-vfprintf_i.o)
                              d:/armgcc/9 2020-q2-update/bin/../lib/gcc/arm-none-eabi/9.3.1/../../../../arm-none-eabi/lib/thumb/v7-m/nofp\libc_nano.a(lib_a-nano-vfprintf_float.o) (_printf_common)
d:/armgcc/9 2020-q2-update/bin/../lib/gcc/arm-none-eabi/9.3.1/../../../../arm-none-eabi/lib/thumb/v7-m/nofp\libc_nano.a(lib_a-printf.o)
                              build/main.o (printf)
d:/armgcc/9 2020-q2-update/bin/../lib/gcc/arm-none-eabi/9.3.1/../../../../arm-none-eabi/lib/thumb/v7-m/nofp\libc_nano.a(lib_a-puts.o)
                              build/main.o (puts)
d:/armgcc/9 2020-q2-update/bin/../lib/gcc/arm-none-eabi/9.3.1/../../../../arm-none-eabi/lib/thumb/v7-m/nofp\libc_nano.a(lib_a-strlen.o)
                              d:/armgcc/9 2020-q2-update/bin/../lib/gcc/arm-none-eabi/9.3.1/../../../../arm-none-eabi/lib/thumb/v7-m/nofp\libc_nano.a(lib_a-nano-vfprintf_float.o) (strlen)
d:/armgcc/9 2020-q2-update/bin/../lib/gcc/arm-none-eabi/9.3.1/../../../../arm-none-eabi/lib/thumb/v7-m/nofp\libc_nano.a(lib_a-wbuf.o)
                              d:/armgcc/9 2020-q2-update/bin/../lib/gcc/arm-none-eabi/9.3.1/../../../../arm-none-eabi/lib/thumb/v7-m/nofp\libc_nano.a(lib_a-puts.o) (__swbuf_r)
d:/armgcc/9 2020-q2-update/bin/../lib/gcc/arm-none-eabi/9.3.1/../../../../arm-none-eabi/lib/thumb/v7-m/nofp\libc_nano.a(lib_a-wsetup.o)
                              d:/armgcc/9 2020-q2-update/bin/../lib/gcc/arm-none-eabi/9.3.1/../../../../arm-none-eabi/lib/thumb/v7-m/nofp\libc_nano.a(lib_a-puts.o) (__swsetup_r)
d:/armgcc/9 2020-q2-update/bin/../lib/gcc/arm-none-eabi/9.3.1/../../../../arm-none-eabi/lib/thumb/v7-m/nofp\libc_nano.a(lib_a-dtoa.o)
                              d:/armgcc/9 2020-q2-update/bin/../lib/gcc/arm-none-eabi/9.3.1/../../../../arm-none-eabi/lib/thumb/v7-m/nofp\libc_nano.a(lib_a-nano-vfprintf_float.o) (_dtoa_r)
d:/armgcc/9 2020-q2-update/bin/../lib/gcc/arm-none-eabi/9.3.1/../../../../arm-none-eabi/lib/thumb/v7-m/nofp\libc_nano.a(lib_a-fflush.o)
                              d:/armgcc/9 2020-q2-update/bin/../lib/gcc/arm-none-eabi/9.3.1/../../../../arm-none-eabi/lib/thumb/v7-m/nofp\libc_nano.a(lib_a-wbuf.o) (_fflush_r)
d:/armgcc/9 2020-q2-update/bin/../lib/gcc/arm-none-eabi/9.3.1/../../../../arm-none-eabi/lib/thumb/v7-m/nofp\libc_nano.a(lib_a-findfp.o)
                              d:/armgcc/9 2020-q2-update/bin/../lib/gcc/arm-none-eabi/9.3.1/../../../../arm-none-eabi/lib/thumb/v7-m/nofp\libc_nano.a(lib_a-printf.o) (__sinit)
d:/armgcc/9 2020-q2-update/bin/../lib/gcc/arm-none-eabi/9.3.1/../../../../arm-none-eabi/lib/thumb/v7-m/nofp\libc_nano.a(lib_a-fwalk.o)
                              d:/armgcc/9 2020-q2-update/bin/../lib/gcc/arm-none-eabi/9.3.1/../../../../arm-none-eabi/lib/thumb/v7-m/nofp\libc_nano.a(lib_a-findfp.o) (_fwalk)
d:/armgcc/9 2020-q2-update/bin/../lib/gcc/arm-none-eabi/9.3.1/../../../../arm-none-eabi/lib/thumb/v7-m/nofp\libc_nano.a(lib_a-localeconv.o)
                              d:/armgcc/9 2020-q2-update/bin/../lib/gcc/arm-none-eabi/9.3.1/../../../../arm-none-eabi/lib/thumb/v7-m/nofp\libc_nano.a(lib_a-nano-vfprintf_float.o) (_localeconv_r)
d:/armgcc/9 2020-q2-update/bin/../lib/gcc/arm-none-eabi/9.3.1/../../../../arm-none-eabi/lib/thumb/v7-m/nofp\libc_nano.a(lib_a-lock.o)
[...]
Memory Configuration

Name             Origin             Length             Attributes
RAM              0x20000000         0x00010000         xrw
FLASH            0x08000000         0x00080000         xr
*default*        0x00000000         0xffffffff

Linker script and memory map

LOAD d:/armgcc/9 2020-q2-update/bin/../lib/gcc/arm-none-eabi/9.3.1/thumb/v7-m/nofp/crti.o
LOAD d:/armgcc/9 2020-q2-update/bin/../lib/gcc/arm-none-eabi/9.3.1/thumb/v7-m/nofp/crtbegin.o
LOAD d:/armgcc/9 2020-q2-update/bin/../lib/gcc/arm-none-eabi/9.3.1/../../../../arm-none-eabi/lib/thumb/v7-m/nofp/crt0.o
LOAD build/main.o
LOAD build/gpio.o
LOAD build/tim.o
LOAD build/stm32f1xx_it.o
LOAD build/stm32f1xx_hal_msp.o
LOAD build/stm32f1xx_hal_gpio_ex.o
LOAD build/stm32f1xx_hal_tim.o
LOAD build/stm32f1xx_hal_tim_ex.o
LOAD build/stm32f1xx_hal.o
LOAD build/stm32f1xx_hal_rcc.o
LOAD build/stm32f1xx_hal_rcc_ex.o
LOAD build/stm32f1xx_hal_gpio.o
LOAD build/stm32f1xx_hal_dma.o
LOAD build/stm32f1xx_hal_cortex.o
LOAD build/stm32f1xx_hal_pwr.o
LOAD build/stm32f1xx_hal_flash.o
LOAD build/stm32f1xx_hal_flash_ex.o
LOAD build/stm32f1xx_hal_exti.o
LOAD build/system_stm32f1xx.o
LOAD build/usart.o
LOAD build/DS18B20.o
LOAD build/stm32f1xx_hal_uart.o
LOAD build/startup_stm32f103xe.o
LOAD d:/armgcc/9 2020-q2-update/bin/../lib/gcc/arm-none-eabi/9.3.1/../../../../arm-none-eabi/lib/thumb/v7-m/nofp\libc_nano.a
LOAD d:/armgcc/9 2020-q2-update/bin/../lib/gcc/arm-none-eabi/9.3.1/../../../../arm-none-eabi/lib/thumb/v7-m/nofp\libm.a
LOAD d:/armgcc/9 2020-q2-update/bin/../lib/gcc/arm-none-eabi/9.3.1/../../../../arm-none-eabi/lib/thumb/v7-m/nofp\libnosys.a
START GROUP
LOAD d:/armgcc/9 2020-q2-update/bin/../lib/gcc/arm-none-eabi/9.3.1/thumb/v7-m/nofp\libgcc.a
LOAD d:/armgcc/9 2020-q2-update/bin/../lib/gcc/arm-none-eabi/9.3.1/../../../../arm-none-eabi/lib/thumb/v7-m/nofp\libc_nano.a
END GROUP
START GROUP
LOAD d:/armgcc/9 2020-q2-update/bin/../lib/gcc/arm-none-eabi/9.3.1/thumb/v7-m/nofp\libgcc.a
LOAD d:/armgcc/9 2020-q2-update/bin/../lib/gcc/arm-none-eabi/9.3.1/../../../../arm-none-eabi/lib/thumb/v7-m/nofp\libc_nano.a
END GROUP
LOAD d:/armgcc/9 2020-q2-update/bin/../lib/gcc/arm-none-eabi/9.3.1/thumb/v7-m/nofp/crtend.o
LOAD d:/armgcc/9 2020-q2-update/bin/../lib/gcc/arm-none-eabi/9.3.1/thumb/v7-m/nofp/crtn.o
                0x20010000                _estack = 0x20010000
                0x00000200                _Min_Heap_Size = 0x200
                0x00000400                _Min_Stack_Size = 0x400

.isr_vector     0x08000000      0x1e4
                0x08000000                . = ALIGN (0x4)
 *(.isr_vector)
 .isr_vector    0x08000000      0x1e4 build/startup_stm32f103xe.o
                0x08000000                g_pfnVectors
                0x080001e4                . = ALIGN (0x4)

.text           0x080001e8     0x4df4
                0x080001e8                . = ALIGN (0x4)
 *(.text)
 .text          0x080001e8       0x40 d:/armgcc/9 2020-q2-update/bin/../lib/gcc/arm-none-eabi/9.3.1/thumb/v7-m/nofp/crtbegin.o
 .text          0x08000228       0x10 d:/armgcc/9 2020-q2-update/bin/../lib/gcc/arm-none-eabi/9.3.1/../../../../arm-none-eabi/lib/thumb/v7-m/nofp\libc_nano.a(lib_a-strlen.o)
                0x08000228                strlen
 .text          0x08000238      0x378 d:/armgcc/9 2020-q2-update/bin/../lib/gcc/arm-none-eabi/9.3.1/thumb/v7-m/nofp\libgcc.a(_arm_addsubdf3.o)
                0x08000238                __aeabi_drsub
                0x08000240                __aeabi_dsub
                0x08000240                __subdf3
                0x08000244                __aeabi_dadd
                0x08000244                __adddf3
                0x080004bc                __floatunsidf
                0x080004bc                __aeabi_ui2d
                0x080004dc                __floatsidf
                0x080004dc                __aeabi_i2d
                0x08000500                __aeabi_f2d
                0x08000500                __extendsfdf2
                0x08000544                __floatundidf
                0x08000544                __aeabi_ul2d
                0x08000554                __floatdidf
                0x08000554                __aeabi_l2d
 .text          0x080005b0      0x424 d:/armgcc/9 2020-q2-update/bin/../lib/gcc/arm-none-eabi/9.3.1/thumb/v7-m/nofp\libgcc.a(_arm_muldivdf3.o)
                0x080005b0                __aeabi_dmul
                0x080005b0                __muldf3
                0x08000804                __divdf3
                0x08000804                __aeabi_ddiv
 .text          0x080009d4      0x110 d:/armgcc/9 2020-q2-update/bin/../lib/gcc/arm-none-eabi/9.3.1/thumb/v7-m/nofp\libgcc.a(_arm_cmpdf2.o)
                0x080009d4                __gtdf2
                0x080009d4                __gedf2
                0x080009dc                __ltdf2
                0x080009dc                __ledf2
                0x080009e4                __nedf2
                0x080009e4                __eqdf2
                0x080009e4                __cmpdf2
                0x08000a60                __aeabi_cdrcmple
                0x08000a70                __aeabi_cdcmpeq
                0x08000a70                __aeabi_cdcmple
                0x08000a80                __aeabi_dcmpeq
                0x08000a94                __aeabi_dcmplt
                0x08000aa8                __aeabi_dcmple
                0x08000abc                __aeabi_dcmpge
                0x08000ad0                __aeabi_dcmpgt
 .text          0x08000ae4       0x2c d:/armgcc/9 2020-q2-update/bin/../lib/gcc/arm-none-eabi/9.3.1/thumb/v7-m/nofp\libgcc.a(_arm_unorddf2.o)
                0x08000ae4                __unorddf2
                0x08000ae4                __aeabi_dcmpun
 .text          0x08000b10       0x50 d:/armgcc/9 2020-q2-update/bin/../lib/gcc/arm-none-eabi/9.3.1/thumb/v7-m/nofp\libgcc.a(_arm_fixdfsi.o)
                0x08000b10                __aeabi_d2iz
                0x08000b10                __fixdfsi
 .text          0x08000b60       0x40 d:/armgcc/9 2020-q2-update/bin/../lib/gcc/arm-none-eabi/9.3.1/thumb/v7-m/nofp\libgcc.a(_arm_fixunsdfsi.o)
                0x08000b60                __aeabi_d2uiz
                0x08000b60                __fixunsdfsi
 *(.text*)
 .text.SystemClock_Config
                0x08000ba0       0x52 build/main.o
                0x08000ba0                SystemClock_Config
 *fill*         0x08000bf2        0x2 
 .text.main     0x08000bf4       0xc0 build/main.o
                0x08000bf4                main
 .text.Error_Handler
                0x08000cb4        0x2 build/main.o
                0x08000cb4                Error_Handler
 *fill*         0x08000cb6        0x2 
 .text.MX_GPIO_Init
                0x08000cb8       0x70 build/gpio.o
                0x08000cb8                MX_GPIO_Init
 .text.MX_TIM6_Init
                0x08000d28       0x50 build/tim.o
                0x08000d28                MX_TIM6_Init
 .text.HAL_TIM_Base_MspInit
                0x08000d78       0x2c build/tim.o
                0x08000d78                HAL_TIM_Base_MspInit
 .text.NMI_Handler
                0x08000da4        0x2 build/stm32f1xx_it.o
                0x08000da4                NMI_Handler
 .text.HardFault_Handler
                0x08000da6        0x2 build/stm32f1xx_it.o
                0x08000da6                HardFault_Handler
 .text.MemManage_Handler
                0x08000da8        0x2 build/stm32f1xx_it.o
                0x08000da8                MemManage_Handler
 .text.BusFault_Handler
                0x08000daa        0x2 build/stm32f1xx_it.o
                0x08000daa                BusFault_Handler
 .text.UsageFault_Handler
                0x08000dac        0x2 build/stm32f1xx_it.o
                0x08000dac                UsageFault_Handler
 .text.SVC_Handler
                0x08000dae        0x2 build/stm32f1xx_it.o
                0x08000dae                SVC_Handler
 .text.DebugMon_Handler
                0x08000db0        0x2 build/stm32f1xx_it.o
                0x08000db0                DebugMon_Handler
 .text.PendSV_Handler
                0x08000db2        0x2 build/stm32f1xx_it.o
                0x08000db2                PendSV_Handler
 .text.SysTick_Handler
                0x08000db4        0x8 build/stm32f1xx_it.o
                0x08000db4                SysTick_Handler
 .text.USART1_IRQHandler
                0x08000dbc       0x10 build/stm32f1xx_it.o
                0x08000dbc                USART1_IRQHandler
 .text.HAL_MspInit
                0x08000dcc       0x44 build/stm32f1xx_hal_msp.o
                0x08000dcc                HAL_MspInit
 .text.HAL_TIM_Base_Start
                0x08000e10       0x24 build/stm32f1xx_hal_tim.o
                0x08000e10                HAL_TIM_Base_Start
 .text.HAL_TIM_Base_Stop
                0x08000e34       0x2e build/stm32f1xx_hal_tim.o
                0x08000e34                HAL_TIM_Base_Stop
 *fill*         0x08000e62        0x2 
 .text.TIM_Base_SetConfig
                0x08000e64       0x98 build/stm32f1xx_hal_tim.o
                0x08000e64                TIM_Base_SetConfig
 .text.HAL_TIM_Base_Init
                0x08000efc       0x34 build/stm32f1xx_hal_tim.o
                0x08000efc                HAL_TIM_Base_Init
 .text.HAL_TIMEx_MasterConfigSynchronization
                0x08000f30       0x46 build/stm32f1xx_hal_tim_ex.o
                0x08000f30                HAL_TIMEx_MasterConfigSynchronization
 *fill*         0x08000f76        0x2 
 .text.HAL_InitTick
                0x08000f78       0x4c build/stm32f1xx_hal.o
                0x08000f78                HAL_InitTick
 .text.HAL_Init
                0x08000fc4       0x24 build/stm32f1xx_hal.o
                0x08000fc4                HAL_Init
 .text.HAL_IncTick
                0x08000fe8       0x18 build/stm32f1xx_hal.o
                0x08000fe8                HAL_IncTick
 .text.HAL_GetTick
                0x08001000        0xc build/stm32f1xx_hal.o
                0x08001000                HAL_GetTick
 .text.HAL_Delay
                0x0800100c       0x28 build/stm32f1xx_hal.o
                0x0800100c                HAL_Delay
 .text.RCC_Delay
                0x08001034       0x2c build/stm32f1xx_hal_rcc.o
 .text.HAL_RCC_OscConfig
                0x08001060      0x410 build/stm32f1xx_hal_rcc.o
                0x08001060                HAL_RCC_OscConfig
 .text.HAL_RCC_GetSysClockFreq
                0x08001470       0x6c build/stm32f1xx_hal_rcc.o
                0x08001470                HAL_RCC_GetSysClockFreq
 .text.HAL_RCC_ClockConfig
                0x080014dc      0x16c build/stm32f1xx_hal_rcc.o
                0x080014dc                HAL_RCC_ClockConfig
 .text.HAL_RCC_GetHCLKFreq
                0x08001648        0xc build/stm32f1xx_hal_rcc.o
                0x08001648                HAL_RCC_GetHCLKFreq
 .text.HAL_RCC_GetPCLK1Freq
                0x08001654       0x20 build/stm32f1xx_hal_rcc.o
                0x08001654                HAL_RCC_GetPCLK1Freq
 .text.HAL_RCC_GetPCLK2Freq
                0x08001674       0x20 build/stm32f1xx_hal_rcc.o
                0x08001674                HAL_RCC_GetPCLK2Freq
 .text.HAL_GPIO_Init
                0x08001694      0x238 build/stm32f1xx_hal_gpio.o
                0x08001694                HAL_GPIO_Init
 .text.HAL_GPIO_ReadPin
                0x080018cc        0xe build/stm32f1xx_hal_gpio.o
                0x080018cc                HAL_GPIO_ReadPin
 .text.HAL_GPIO_WritePin
                0x080018da        0xc build/stm32f1xx_hal_gpio.o
                0x080018da                HAL_GPIO_WritePin
 *fill*         0x080018e6        0x2 
 .text.HAL_DMA_Abort_IT
                0x080018e8      0x168 build/stm32f1xx_hal_dma.o
                0x080018e8                HAL_DMA_Abort_IT
 .text.HAL_NVIC_SetPriorityGrouping
                0x08001a50       0x24 build/stm32f1xx_hal_cortex.o
                0x08001a50                HAL_NVIC_SetPriorityGrouping
 .text.HAL_NVIC_SetPriority
                0x08001a74       0x68 build/stm32f1xx_hal_cortex.o
                0x08001a74                HAL_NVIC_SetPriority
 .text.HAL_NVIC_EnableIRQ
                0x08001adc       0x1c build/stm32f1xx_hal_cortex.o
                0x08001adc                HAL_NVIC_EnableIRQ
 .text.HAL_SYSTICK_Config
                0x08001af8       0x2c build/stm32f1xx_hal_cortex.o
                0x08001af8                HAL_SYSTICK_Config
 .text.SystemInit
                0x08001b24       0x4c build/system_stm32f1xx.o
                0x08001b24                SystemInit
 .text.MX_USART1_UART_Init
                0x08001b70       0x34 build/usart.o
                0x08001b70                MX_USART1_UART_Init
 .text.HAL_UART_MspInit
                0x08001ba4       0x88 build/usart.o
                0x08001ba4                HAL_UART_MspInit
 .text.__io_putchar
                0x08001c2c       0x20 build/usart.o
                0x08001c2c                __io_putchar
 .text._write   0x08001c4c       0x1c build/usart.o
                0x08001c4c                _write
 .text.DS18B20_IO_Mode
                0x08001c68       0x38 build/DS18B20.o
 .text.HAL_Delay_us
                0x08001ca0       0x30 build/DS18B20.o
                0x08001ca0                HAL_Delay_us
 .text.DS18B20_Write_Byte
                0x08001cd0       0x60 build/DS18B20.o
 .text.DS18B20_Read_Byte
                0x08001d30       0x68 build/DS18B20.o
 .text.DS18B20_Init
                0x08001d98       0x54 build/DS18B20.o
                0x08001d98                DS18B20_Init
 .text.DS18B20_GetTemperature
                0x08001dec       0xf8 build/DS18B20.o
                0x08001dec                DS18B20_GetTemperature
 .text.UART_EndRxTransfer
                0x08001ee4       0x1c build/stm32f1xx_hal_uart.o
 .text.UART_Transmit_IT
                0x08001f00       0x66 build/stm32f1xx_hal_uart.o
 *fill*         0x08001f66        0x2 
 .text.UART_SetConfig
                0x08001f68       0xcc build/stm32f1xx_hal_uart.o
 .text.UART_WaitOnFlagUntilTimeout
                0x08002034       0x68 build/stm32f1xx_hal_uart.o
 .text.HAL_UART_Init
                0x0800209c       0x5e build/stm32f1xx_hal_uart.o
                0x0800209c                HAL_UART_Init
 .text.HAL_UART_Transmit
                0x080020fa       0xe0 build/stm32f1xx_hal_uart.o
                0x080020fa                HAL_UART_Transmit
 .text.HAL_UART_TxCpltCallback
                0x080021da        0x2 build/stm32f1xx_hal_uart.o
                0x080021da                HAL_UART_TxCpltCallback
 .text.UART_EndTransmit_IT
                0x080021dc       0x1a build/stm32f1xx_hal_uart.o
 .text.HAL_UART_RxCpltCallback
                0x080021f6        0x2 build/stm32f1xx_hal_uart.o
                0x080021f6                HAL_UART_RxCpltCallback
 .text.UART_Receive_IT
                0x080021f8       0x9e build/stm32f1xx_hal_uart.o
 .text.HAL_UART_ErrorCallback
                0x08002296        0x2 build/stm32f1xx_hal_uart.o
                0x08002296                HAL_UART_ErrorCallback
 .text.HAL_UART_IRQHandler
                0x08002298      0x120 build/stm32f1xx_hal_uart.o
                0x08002298                HAL_UART_IRQHandler
 .text.UART_DMAAbortOnError
                0x080023b8       0x10 build/stm32f1xx_hal_uart.o
 .text.Reset_Handler
                0x080023c8       0x48 build/startup_stm32f103xe.o
                0x080023c8                Reset_Handler
 .text.Default_Handler
                0x08002410        0x2 build/startup_stm32f103xe.o
                0x08002410                RTC_Alarm_IRQHandler
                0x08002410                EXTI2_IRQHandler
                0x08002410                TIM8_TRG_COM_IRQHandler
                0x08002410                TIM8_CC_IRQHandler
                0x08002410                TIM1_CC_IRQHandler
                0x08002410                TIM6_IRQHandler
                0x08002410                PVD_IRQHandler
                0x08002410                SDIO_IRQHandler
                0x08002410                EXTI3_IRQHandler
                0x08002410                EXTI0_IRQHandler
                0x08002410                I2C2_EV_IRQHandler
                0x08002410                ADC1_2_IRQHandler
                0x08002410                SPI1_IRQHandler
                0x08002410                TAMPER_IRQHandler
                0x08002410                TIM8_UP_IRQHandler
                0x08002410                DMA2_Channel2_IRQHandler
                0x08002410                DMA1_Channel4_IRQHandler
                0x08002410                USART3_IRQHandler
                0x08002410                RTC_IRQHandler
                0x08002410                DMA1_Channel7_IRQHandler
                0x08002410                CAN1_RX1_IRQHandler
                0x08002410                UART5_IRQHandler
                0x08002410                ADC3_IRQHandler
                0x08002410                TIM4_IRQHandler
                0x08002410                DMA2_Channel1_IRQHandler
                0x08002410                I2C1_EV_IRQHandler
                0x08002410                DMA1_Channel6_IRQHandler
                0x08002410                UART4_IRQHandler
                0x08002410                TIM3_IRQHandler
                0x08002410                RCC_IRQHandler
                0x08002410                TIM1_TRG_COM_IRQHandler
                0x08002410                DMA1_Channel1_IRQHandler
                0x08002410                Default_Handler
                0x08002410                EXTI15_10_IRQHandler
                0x08002410                TIM7_IRQHandler
                0x08002410                TIM5_IRQHandler
                0x08002410                EXTI9_5_IRQHandler
                0x08002410                SPI2_IRQHandler
                0x08002410                DMA1_Channel5_IRQHandler
                0x08002410                EXTI4_IRQHandler
                0x08002410                USB_LP_CAN1_RX0_IRQHandler
                0x08002410                USB_HP_CAN1_TX_IRQHandler
                0x08002410                DMA1_Channel3_IRQHandler
                0x08002410                FSMC_IRQHandler
                0x08002410                TIM1_UP_IRQHandler
                0x08002410                WWDG_IRQHandler
                0x08002410                TIM2_IRQHandler
                0x08002410                TIM1_BRK_IRQHandler
                0x08002410                EXTI1_IRQHandler
                0x08002410                DMA2_Channel4_5_IRQHandler
                0x08002410                USART2_IRQHandler
                0x08002410                I2C2_ER_IRQHandler
                0x08002410                DMA1_Channel2_IRQHandler
                0x08002410                TIM8_BRK_IRQHandler
                0x08002410                CAN1_SCE_IRQHandler
                0x08002410                FLASH_IRQHandler
                0x08002410                SPI3_IRQHandler
                0x08002410                I2C1_ER_IRQHandler
                0x08002410                USBWakeUp_IRQHandler
                0x08002410                DMA2_Channel3_IRQHandler
 *fill*         0x08002412        0x2 
 .text.__libc_init_array
                0x08002414       0x48 d:/armgcc/9 2020-q2-update/bin/../lib/gcc/arm-none-eabi/9.3.1/../../../../arm-none-eabi/lib/thumb/v7-m/nofp\libc_nano.a(lib_a-init.o)
                0x08002414                __libc_init_array
 .text.memset   0x0800245c       0x10 d:/armgcc/9 2020-q2-update/bin/../lib/gcc/arm-none-eabi/9.3.1/../../../../arm-none-eabi/lib/thumb/v7-m/nofp\libc_nano.a(lib_a-memset.o)
                0x0800245c                memset
 .text.__cvt    0x0800246c       0xbe d:/armgcc/9 2020-q2-update/bin/../lib/gcc/arm-none-eabi/9.3.1/../../../../arm-none-eabi/lib/thumb/v7-m/nofp\libc_nano.a(lib_a-nano-vfprintf_float.o)
                0x0800246c                __cvt
 .text.__exponent
                0x0800252a       0x7c d:/armgcc/9 2020-q2-update/bin/../lib/gcc/arm-none-eabi/9.3.1/../../../../arm-none-eabi/lib/thumb/v7-m/nofp\libc_nano.a(lib_a-nano-vfprintf_float.o)
                0x0800252a                __exponent
 *fill*         0x080025a6        0x2 
 .text._printf_float
                0x080025a8      0x458 d:/armgcc/9 2020-q2-update/bin/../lib/gcc/arm-none-eabi/9.3.1/../../../../arm-none-eabi/lib/thumb/v7-m/nofp\libc_nano.a(lib_a-nano-vfprintf_float.o)
                0x080025a8                _printf_float
 .text._printf_common
                0x08002a00       0xde d:/armgcc/9 2020-q2-update/bin/../lib/gcc/arm-none-eabi/9.3.1/../../../../arm-none-eabi/lib/thumb/v7-m/nofp\libc_nano.a(lib_a-nano-vfprintf_i.o)
                0x08002a00                _printf_common
 *fill*         0x08002ade        0x2 
 .text._printf_i
                0x08002ae0      0x24c d:/armgcc/9 2020-q2-update/bin/../lib/gcc/arm-none-eabi/9.3.1/../../../../arm-none-eabi/lib/thumb/v7-m/nofp\libc_nano.a(lib_a-nano-vfprintf_i.o)
                0x08002ae0                _printf_i
 .text.printf   0x08002d2c       0x30 d:/armgcc/9 2020-q2-update/bin/../lib/gcc/arm-none-eabi/9.3.1/../../../../arm-none-eabi/lib/thumb/v7-m/nofp\libc_nano.a(lib_a-printf.o)
                0x08002d2c                iprintf
                0x08002d2c                printf
 .text._puts_r  0x08002d5c       0xdc d:/armgcc/9 2020-q2-update/bin/../lib/gcc/arm-none-eabi/9.3.1/../../../../arm-none-eabi/lib/thumb/v7-m/nofp\libc_nano.a(lib_a-puts.o)
                0x08002d5c                _puts_r
 .text.puts     0x08002e38       0x10 d:/armgcc/9 2020-q2-update/bin/../lib/gcc/arm-none-eabi/9.3.1/../../../../arm-none-eabi/lib/thumb/v7-m/nofp\libc_nano.a(lib_a-puts.o)
                0x08002e38                puts
 .text.__swbuf_r
                0x08002e48       0xa4 d:/armgcc/9 2020-q2-update/bin/../lib/gcc/arm-none-eabi/9.3.1/../../../../arm-none-eabi/lib/thumb/v7-m/nofp\libc_nano.a(lib_a-wbuf.o)
                0x08002e48                __swbuf_r
 .text.__swsetup_r
                0x08002eec       0xdc d:/armgcc/9 2020-q2-update/bin/../lib/gcc/arm-none-eabi/9.3.1/../../../../arm-none-eabi/lib/thumb/v7-m/nofp\libc_nano.a(lib_a-wsetup.o)
                0x08002eec                __swsetup_r
 .text.quorem   0x08002fc8      0x11a d:/armgcc/9 2020-q2-update/bin/../lib/gcc/arm-none-eabi/9.3.1/../../../../arm-none-eabi/lib/thumb/v7-m/nofp\libc_nano.a(lib_a-dtoa.o)
 *fill*         0x080030e2        0x6 
 .text._dtoa_r  0x080030e8      0xbdc d:/armgcc/9 2020-q2-update/bin/../lib/gcc/arm-none-eabi/9.3.1/../../../../arm-none-eabi/lib/thumb/v7-m/nofp\libc_nano.a(lib_a-dtoa.o)
                0x080030e8                _dtoa_r
 .text.__sflush_r
                0x08003cc4      0x10c d:/armgcc/9 2020-q2-update/bin/../lib/gcc/arm-none-eabi/9.3.1/../../../../arm-none-eabi/lib/thumb/v7-m/nofp\libc_nano.a(lib_a-fflush.o)
                0x08003cc4                __sflush_r
 .text._fflush_r
                0x08003dd0       0x78 d:/armgcc/9 2020-q2-update/bin/../lib/gcc/arm-none-eabi/9.3.1/../../../../arm-none-eabi/lib/thumb/v7-m/nofp\libc_nano.a(lib_a-fflush.o)
                0x08003dd0                _fflush_r
 .text.std      0x08003e48       0x48 d:/armgcc/9 2020-q2-update/bin/../lib/gcc/arm-none-eabi/9.3.1/../../../../arm-none-eabi/lib/thumb/v7-m/nofp\libc_nano.a(lib_a-findfp.o)
 .text._cleanup_r
                0x08003e90        0xc d:/armgcc/9 2020-q2-update/bin/../lib/gcc/arm-none-eabi/9.3.1/../../../../arm-none-eabi/lib/thumb/v7-m/nofp\libc_nano.a(lib_a-findfp.o)
                0x08003e90                _cleanup_r
 .text.__sfmoreglue
                0x08003e9c       0x2c d:/armgcc/9 2020-q2-update/bin/../lib/gcc/arm-none-eabi/9.3.1/../../../../arm-none-eabi/lib/thumb/v7-m/nofp\libc_nano.a(lib_a-findfp.o)
                0x08003e9c                __sfmoreglue
 .text.__sfp_lock_acquire
                0x08003ec8        0xc d:/armgcc/9 2020-q2-update/bin/../lib/gcc/arm-none-eabi/9.3.1/../../../../arm-none-eabi/lib/thumb/v7-m/nofp\libc_nano.a(lib_a-findfp.o)
                0x08003ec8                __sfp_lock_acquire
 .text.__sfp_lock_release
                0x08003ed4        0xc d:/armgcc/9 2020-q2-update/bin/../lib/gcc/arm-none-eabi/9.3.1/../../../../arm-none-eabi/lib/thumb/v7-m/nofp\libc_nano.a(lib_a-findfp.o)
                0x08003ed4                __sfp_lock_release
 .text.__sinit_lock_acquire
                0x08003ee0        0xc d:/armgcc/9 2020-q2-update/bin/../lib/gcc/arm-none-eabi/9.3.1/../../../../arm-none-eabi/lib/thumb/v7-m/nofp\libc_nano.a(lib_a-findfp.o)
                0x08003ee0                __sinit_lock_acquire
 .text.__sinit_lock_release
                0x08003eec        0xc d:/armgcc/9 2020-q2-update/bin/../lib/gcc/arm-none-eabi/9.3.1/../../../../arm-none-eabi/lib/thumb/v7-m/nofp\libc_nano.a(lib_a-findfp.o)
                0x08003eec                __sinit_lock_release
 .text.__sinit  0x08003ef8       0x70 d:/armgcc/9 2020-q2-update/bin/../lib/gcc/arm-none-eabi/9.3.1/../../../../arm-none-eabi/lib/thumb/v7-m/nofp\libc_nano.a(lib_a-findfp.o)
                0x08003ef8                __sinit
 .text.__sfp    0x08003f68       0x8c d:/armgcc/9 2020-q2-update/bin/../lib/gcc/arm-none-eabi/9.3.1/../../../../arm-none-eabi/lib/thumb/v7-m/nofp\libc_nano.a(lib_a-findfp.o)
                0x08003f68                __sfp
 .text._fwalk_reent
                0x08003ff4       0x3e d:/armgcc/9 2020-q2-update/bin/../lib/gcc/arm-none-eabi/9.3.1/../../../../arm-none-eabi/lib/thumb/v7-m/nofp\libc_nano.a(lib_a-fwalk.o)
                0x08003ff4                _fwalk_reent
 *fill*         0x08004032        0x2 
 .text._localeconv_r
                0x08004034        0x8 d:/armgcc/9 2020-q2-update/bin/../lib/gcc/arm-none-eabi/9.3.1/../../../../arm-none-eabi/lib/thumb/v7-m/nofp\libc_nano.a(lib_a-localeconv.o)
                0x08004034                _localeconv_r
 .text.__retarget_lock_init_recursive
                0x0800403c        0x2 d:/armgcc/9 2020-q2-update/bin/../lib/gcc/arm-none-eabi/9.3.1/../../../../arm-none-eabi/lib/thumb/v7-m/nofp\libc_nano.a(lib_a-lock.o)
                0x0800403c                __retarget_lock_init_recursive
 .text.__retarget_lock_acquire_recursive
                0x0800403e        0x2 d:/armgcc/9 2020-q2-update/bin/../lib/gcc/arm-none-eabi/9.3.1/../../../../arm-none-eabi/lib/thumb/v7-m/nofp\libc_nano.a(lib_a-lock.o)
                0x0800403e                __retarget_lock_acquire_recursive
 .text.__retarget_lock_release_recursive
                0x08004040        0x2 d:/armgcc/9 2020-q2-update/bin/../lib/gcc/arm-none-eabi/9.3.1/../../../../arm-none-eabi/lib/thumb/v7-m/nofp\libc_nano.a(lib_a-lock.o)
                0x08004040                __retarget_lock_release_recursive
 .text.__swhatbuf_r
                0x08004042       0x48 d:/armgcc/9 2020-q2-update/bin/../lib/gcc/arm-none-eabi/9.3.1/../../../../arm-none-eabi/lib/thumb/v7-m/nofp\libc_nano.a(lib_a-makebuf.o)
                0x08004042                __swhatbuf_r
 *fill*         0x0800408a        0x2 
 .text.__smakebuf_r
                0x0800408c       0x80 d:/armgcc/9 2020-q2-update/bin/../lib/gcc/arm-none-eabi/9.3.1/../../../../arm-none-eabi/lib/thumb/v7-m/nofp\libc_nano.a(lib_a-makebuf.o)
                0x0800408c                __smakebuf_r
 .text.malloc   0x0800410c       0x10 d:/armgcc/9 2020-q2-update/bin/../lib/gcc/arm-none-eabi/9.3.1/../../../../arm-none-eabi/lib/thumb/v7-m/nofp\libc_nano.a(lib_a-malloc.o)
                0x0800410c                malloc
 .text.memchr   0x0800411c       0x1c d:/armgcc/9 2020-q2-update/bin/../lib/gcc/arm-none-eabi/9.3.1/../../../../arm-none-eabi/lib/thumb/v7-m/nofp\libc_nano.a(lib_a-memchr-stub.o)
                0x0800411c                memchr
 .text.memcpy   0x08004138       0x1c d:/armgcc/9 2020-q2-update/bin/../lib/gcc/arm-none-eabi/9.3.1/../../../../arm-none-eabi/lib/thumb/v7-m/nofp\libc_nano.a(lib_a-memcpy-stub.o)
                0x08004138                memcpy
 .text._Balloc  0x08004154       0x80 d:/armgcc/9 2020-q2-update/bin/../lib/gcc/arm-none-eabi/9.3.1/../../../../arm-none-eabi/lib/thumb/v7-m/nofp\libc_nano.a(lib_a-mprec.o)
                0x08004154                _Balloc
 .text._Bfree   0x080041d4       0x44 d:/armgcc/9 2020-q2-update/bin/../lib/gcc/arm-none-eabi/9.3.1/../../../../arm-none-eabi/lib/thumb/v7-m/nofp\libc_nano.a(lib_a-mprec.o)
                0x080041d4                _Bfree
 .text.__multadd
                0x08004218       0x94 d:/armgcc/9 2020-q2-update/bin/../lib/gcc/arm-none-eabi/9.3.1/../../../../arm-none-eabi/lib/thumb/v7-m/nofp\libc_nano.a(lib_a-mprec.o)
                0x08004218                __multadd
 .text.__hi0bits
                0x080042ac       0x40 d:/armgcc/9 2020-q2-update/bin/../lib/gcc/arm-none-eabi/9.3.1/../../../../arm-none-eabi/lib/thumb/v7-m/nofp\libc_nano.a(lib_a-mprec.o)
                0x080042ac                __hi0bits
 .text.__lo0bits
                0x080042ec       0x5c d:/armgcc/9 2020-q2-update/bin/../lib/gcc/arm-none-eabi/9.3.1/../../../../arm-none-eabi/lib/thumb/v7-m/nofp\libc_nano.a(lib_a-mprec.o)
                0x080042ec                __lo0bits
 .text.__i2b    0x08004348       0x2c d:/armgcc/9 2020-q2-update/bin/../lib/gcc/arm-none-eabi/9.3.1/../../../../arm-none-eabi/lib/thumb/v7-m/nofp\libc_nano.a(lib_a-mprec.o)
                0x08004348                __i2b
 .text.__multiply
                0x08004374      0x148 d:/armgcc/9 2020-q2-update/bin/../lib/gcc/arm-none-eabi/9.3.1/../../../../arm-none-eabi/lib/thumb/v7-m/nofp\libc_nano.a(lib_a-mprec.o)
                0x08004374                __multiply
 .text.__pow5mult
                0x080044bc       0xb4 d:/armgcc/9 2020-q2-update/bin/../lib/gcc/arm-none-eabi/9.3.1/../../../../arm-none-eabi/lib/thumb/v7-m/nofp\libc_nano.a(lib_a-mprec.o)
                0x080044bc                __pow5mult
 .text.__lshift
                0x08004570       0xd8 d:/armgcc/9 2020-q2-update/bin/../lib/gcc/arm-none-eabi/9.3.1/../../../../arm-none-eabi/lib/thumb/v7-m/nofp\libc_nano.a(lib_a-mprec.o)
                0x08004570                __lshift
 .text.__mcmp   0x08004648       0x36 d:/armgcc/9 2020-q2-update/bin/../lib/gcc/arm-none-eabi/9.3.1/../../../../arm-none-eabi/lib/thumb/v7-m/nofp\libc_nano.a(lib_a-mprec.o)
                0x08004648                __mcmp
 *fill*         0x0800467e        0x2 
 .text.__mdiff  0x08004680      0x120 d:/armgcc/9 2020-q2-update/bin/../lib/gcc/arm-none-eabi/9.3.1/../../../../arm-none-eabi/lib/thumb/v7-m/nofp\libc_nano.a(lib_a-mprec.o)
                0x08004680                __mdiff
 .text.__d2b    0x080047a0       0xb8 d:/armgcc/9 2020-q2-update/bin/../lib/gcc/arm-none-eabi/9.3.1/../../../../arm-none-eabi/lib/thumb/v7-m/nofp\libc_nano.a(lib_a-mprec.o)
                0x080047a0                __d2b
 .text._calloc_r
                0x08004858       0x1c d:/armgcc/9 2020-q2-update/bin/../lib/gcc/arm-none-eabi/9.3.1/../../../../arm-none-eabi/lib/thumb/v7-m/nofp\libc_nano.a(lib_a-nano-callocr.o)
                0x08004858                _calloc_r
 .text._free_r  0x08004874       0x98 d:/armgcc/9 2020-q2-update/bin/../lib/gcc/arm-none-eabi/9.3.1/../../../../arm-none-eabi/lib/thumb/v7-m/nofp\libc_nano.a(lib_a-nano-freer.o)
                0x08004874                _free_r
 .text._malloc_r
                0x0800490c       0xb4 d:/armgcc/9 2020-q2-update/bin/../lib/gcc/arm-none-eabi/9.3.1/../../../../arm-none-eabi/lib/thumb/v7-m/nofp\libc_nano.a(lib_a-nano-mallocr.o)
                0x0800490c                _malloc_r
 .text.__sfputc_r
                0x080049c0       0x2a d:/armgcc/9 2020-q2-update/bin/../lib/gcc/arm-none-eabi/9.3.1/../../../../arm-none-eabi/lib/thumb/v7-m/nofp\libc_nano.a(lib_a-nano-vfprintf.o)
 .text.__sfputs_r
                0x080049ea       0x24 d:/armgcc/9 2020-q2-update/bin/../lib/gcc/arm-none-eabi/9.3.1/../../../../arm-none-eabi/lib/thumb/v7-m/nofp\libc_nano.a(lib_a-nano-vfprintf.o)
                0x080049ea                __sfputs_r
 *fill*         0x08004a0e        0x2 
 .text._vfprintf_r
                0x08004a10      0x260 d:/armgcc/9 2020-q2-update/bin/../lib/gcc/arm-none-eabi/9.3.1/../../../../arm-none-eabi/lib/thumb/v7-m/nofp\libc_nano.a(lib_a-nano-vfprintf.o)
                0x08004a10                _vfprintf_r
                0x08004a10                _vfiprintf_r
 .text._sbrk_r  0x08004c70       0x20 d:/armgcc/9 2020-q2-update/bin/../lib/gcc/arm-none-eabi/9.3.1/../../../../arm-none-eabi/lib/thumb/v7-m/nofp\libc_nano.a(lib_a-sbrkr.o)
                0x08004c70                _sbrk_r
 .text.__sread  0x08004c90       0x22 d:/armgcc/9 2020-q2-update/bin/../lib/gcc/arm-none-eabi/9.3.1/../../../../arm-none-eabi/lib/thumb/v7-m/nofp\libc_nano.a(lib_a-stdio.o)
                0x08004c90                __sread
 .text.__swrite
                0x08004cb2       0x38 d:/armgcc/9 2020-q2-update/bin/../lib/gcc/arm-none-eabi/9.3.1/../../../../arm-none-eabi/lib/thumb/v7-m/nofp\libc_nano.a(lib_a-stdio.o)
                0x08004cb2                __swrite
 .text.__sseek  0x08004cea       0x24 d:/armgcc/9 2020-q2-update/bin/../lib/gcc/arm-none-eabi/9.3.1/../../../../arm-none-eabi/lib/thumb/v7-m/nofp\libc_nano.a(lib_a-stdio.o)
                0x08004cea                __sseek
 .text.__sclose
                0x08004d0e        0x8 d:/armgcc/9 2020-q2-update/bin/../lib/gcc/arm-none-eabi/9.3.1/../../../../arm-none-eabi/lib/thumb/v7-m/nofp\libc_nano.a(lib_a-stdio.o)
                0x08004d0e                __sclose
 *fill*         0x08004d16        0x2 
 .text._write_r
                0x08004d18       0x24 d:/armgcc/9 2020-q2-update/bin/../lib/gcc/arm-none-eabi/9.3.1/../../../../arm-none-eabi/lib/thumb/v7-m/nofp\libc_nano.a(lib_a-writer.o)
                0x08004d18                _write_r
 .text.__assert_func
                0x08004d3c       0x3c d:/armgcc/9 2020-q2-update/bin/../lib/gcc/arm-none-eabi/9.3.1/../../../../arm-none-eabi/lib/thumb/v7-m/nofp\libc_nano.a(lib_a-assert.o)
                0x08004d3c                __assert_func
 .text._close_r
                0x08004d78       0x20 d:/armgcc/9 2020-q2-update/bin/../lib/gcc/arm-none-eabi/9.3.1/../../../../arm-none-eabi/lib/thumb/v7-m/nofp\libc_nano.a(lib_a-closer.o)
                0x08004d78                _close_r
 .text.fprintf  0x08004d98       0x24 d:/armgcc/9 2020-q2-update/bin/../lib/gcc/arm-none-eabi/9.3.1/../../../../arm-none-eabi/lib/thumb/v7-m/nofp\libc_nano.a(lib_a-fprintf.o)
                0x08004d98                fiprintf
                0x08004d98                fprintf
 .text._fstat_r
                0x08004dbc       0x24 d:/armgcc/9 2020-q2-update/bin/../lib/gcc/arm-none-eabi/9.3.1/../../../../arm-none-eabi/lib/thumb/v7-m/nofp\libc_nano.a(lib_a-fstatr.o)
                0x08004dbc                _fstat_r
 .text._isatty_r
                0x08004de0       0x20 d:/armgcc/9 2020-q2-update/bin/../lib/gcc/arm-none-eabi/9.3.1/../../../../arm-none-eabi/lib/thumb/v7-m/nofp\libc_nano.a(lib_a-isattyr.o)
                0x08004de0                _isatty_r
 .text._lseek_r
                0x08004e00       0x24 d:/armgcc/9 2020-q2-update/bin/../lib/gcc/arm-none-eabi/9.3.1/../../../../arm-none-eabi/lib/thumb/v7-m/nofp\libc_nano.a(lib_a-lseekr.o)
                0x08004e00                _lseek_r
 .text.__ascii_mbtowc
                0x08004e24       0x24 d:/armgcc/9 2020-q2-update/bin/../lib/gcc/arm-none-eabi/9.3.1/../../../../arm-none-eabi/lib/thumb/v7-m/nofp\libc_nano.a(lib_a-mbtowc_r.o)
                0x08004e24                __ascii_mbtowc
 .text.__malloc_lock
                0x08004e48        0xc d:/armgcc/9 2020-q2-update/bin/../lib/gcc/arm-none-eabi/9.3.1/../../../../arm-none-eabi/lib/thumb/v7-m/nofp\libc_nano.a(lib_a-mlock.o)
                0x08004e48                __malloc_lock
 .text.__malloc_unlock
                0x08004e54        0xc d:/armgcc/9 2020-q2-update/bin/../lib/gcc/arm-none-eabi/9.3.1/../../../../arm-none-eabi/lib/thumb/v7-m/nofp\libc_nano.a(lib_a-mlock.o)
                0x08004e54                __malloc_unlock
 .text._read_r  0x08004e60       0x24 d:/armgcc/9 2020-q2-update/bin/../lib/gcc/arm-none-eabi/9.3.1/../../../../arm-none-eabi/lib/thumb/v7-m/nofp\libc_nano.a(lib_a-readr.o)
                0x08004e60                _read_r
 .text.__ascii_wctomb
                0x08004e84       0x1a d:/armgcc/9 2020-q2-update/bin/../lib/gcc/arm-none-eabi/9.3.1/../../../../arm-none-eabi/lib/thumb/v7-m/nofp\libc_nano.a(lib_a-wctomb_r.o)
                0x08004e84                __ascii_wctomb
 .text.abort    0x08004e9e        0xe d:/armgcc/9 2020-q2-update/bin/../lib/gcc/arm-none-eabi/9.3.1/../../../../arm-none-eabi/lib/thumb/v7-m/nofp\libc_nano.a(lib_a-abort.o)
                0x08004e9e                abort
 .text._raise_r
                0x08004eac       0x50 d:/armgcc/9 2020-q2-update/bin/../lib/gcc/arm-none-eabi/9.3.1/../../../../arm-none-eabi/lib/thumb/v7-m/nofp\libc_nano.a(lib_a-signal.o)
                0x08004eac                _raise_r
 .text.raise    0x08004efc       0x10 d:/armgcc/9 2020-q2-update/bin/../lib/gcc/arm-none-eabi/9.3.1/../../../../arm-none-eabi/lib/thumb/v7-m/nofp\libc_nano.a(lib_a-signal.o)
                0x08004efc                raise
 .text._kill_r  0x08004f0c       0x24 d:/armgcc/9 2020-q2-update/bin/../lib/gcc/arm-none-eabi/9.3.1/../../../../arm-none-eabi/lib/thumb/v7-m/nofp\libc_nano.a(lib_a-signalr.o)
                0x08004f0c                _kill_r
 .text._getpid_r
                0x08004f30        0x4 d:/armgcc/9 2020-q2-update/bin/../lib/gcc/arm-none-eabi/9.3.1/../../../../arm-none-eabi/lib/thumb/v7-m/nofp\libc_nano.a(lib_a-signalr.o)
                0x08004f30                _getpid_r
 .text._close   0x08004f34       0x10 d:/armgcc/9 2020-q2-update/bin/../lib/gcc/arm-none-eabi/9.3.1/../../../../arm-none-eabi/lib/thumb/v7-m/nofp\libnosys.a(close.o)
                0x08004f34                _close
 .text._fstat   0x08004f44       0x10 d:/armgcc/9 2020-q2-update/bin/../lib/gcc/arm-none-eabi/9.3.1/../../../../arm-none-eabi/lib/thumb/v7-m/nofp\libnosys.a(fstat.o)
                0x08004f44                _fstat
 .text._getpid  0x08004f54       0x10 d:/armgcc/9 2020-q2-update/bin/../lib/gcc/arm-none-eabi/9.3.1/../../../../arm-none-eabi/lib/thumb/v7-m/nofp\libnosys.a(getpid.o)
                0x08004f54                _getpid
 .text._isatty  0x08004f64       0x10 d:/armgcc/9 2020-q2-update/bin/../lib/gcc/arm-none-eabi/9.3.1/../../../../arm-none-eabi/lib/thumb/v7-m/nofp\libnosys.a(isatty.o)
                0x08004f64                _isatty
 .text._kill    0x08004f74       0x10 d:/armgcc/9 2020-q2-update/bin/../lib/gcc/arm-none-eabi/9.3.1/../../../../arm-none-eabi/lib/thumb/v7-m/nofp\libnosys.a(kill.o)
                0x08004f74                _kill
 .text._lseek   0x08004f84       0x10 d:/armgcc/9 2020-q2-update/bin/../lib/gcc/arm-none-eabi/9.3.1/../../../../arm-none-eabi/lib/thumb/v7-m/nofp\libnosys.a(lseek.o)
                0x08004f84                _lseek
 .text._read    0x08004f94       0x10 d:/armgcc/9 2020-q2-update/bin/../lib/gcc/arm-none-eabi/9.3.1/../../../../arm-none-eabi/lib/thumb/v7-m/nofp\libnosys.a(read.o)
                0x08004f94                _read
 .text._sbrk    0x08004fa4       0x1c d:/armgcc/9 2020-q2-update/bin/../lib/gcc/arm-none-eabi/9.3.1/../../../../arm-none-eabi/lib/thumb/v7-m/nofp\libnosys.a(sbrk.o)
                0x08004fa4                _sbrk
 .text._exit    0x08004fc0        0x4 d:/armgcc/9 2020-q2-update/bin/../lib/gcc/arm-none-eabi/9.3.1/../../../../arm-none-eabi/lib/thumb/v7-m/nofp\libnosys.a(_exit.o)
                0x08004fc0                _exit
 *(.glue_7)
 .glue_7        0x08004fc4        0x0 linker stubs
 *(.glue_7t)
 .glue_7t       0x08004fc4        0x0 linker stubs
 *(.eh_frame)
 .eh_frame      0x08004fc4        0x0 d:/armgcc/9 2020-q2-update/bin/../lib/gcc/arm-none-eabi/9.3.1/thumb/v7-m/nofp/crtbegin.o
 *(.init)
 .init          0x08004fc4        0x4 d:/armgcc/9 2020-q2-update/bin/../lib/gcc/arm-none-eabi/9.3.1/thumb/v7-m/nofp/crti.o
                0x08004fc4                _init
 .init          0x08004fc8        0x8 d:/armgcc/9 2020-q2-update/bin/../lib/gcc/arm-none-eabi/9.3.1/thumb/v7-m/nofp/crtn.o
 *(.fini)
 .fini          0x08004fd0        0x4 d:/armgcc/9 2020-q2-update/bin/../lib/gcc/arm-none-eabi/9.3.1/thumb/v7-m/nofp/crti.o
                0x08004fd0                _fini
 .fini          0x08004fd4        0x8 d:/armgcc/9 2020-q2-update/bin/../lib/gcc/arm-none-eabi/9.3.1/thumb/v7-m/nofp/crtn.o
                0x08004fdc                . = ALIGN (0x4)
                0x08004fdc                _etext = .

.vfp11_veneer   0x08004fdc        0x0
 .vfp11_veneer  0x08004fdc        0x0 linker stubs

.v4_bx          0x08004fdc        0x0
 .v4_bx         0x08004fdc        0x0 linker stubs

.iplt           0x08004fdc        0x0
 .iplt          0x08004fdc        0x0 d:/armgcc/9 2020-q2-update/bin/../lib/gcc/arm-none-eabi/9.3.1/thumb/v7-m/nofp/crtbegin.o

.rodata         0x08004fe0      0x50c
                0x08004fe0                . = ALIGN (0x4)
 *(.rodata)
 *(.rodata*)
 .rodata.main.str1.4
                0x08004fe0       0xbd build/main.o
 *fill*         0x0800509d        0x3 
 .rodata.HAL_RCC_GetSysClockFreq.str1.4
                0x080050a0       0x11 build/stm32f1xx_hal_rcc.o
 *fill*         0x080050b1        0x3 
 .rodata.AHBPrescTable
                0x080050b4       0x10 build/system_stm32f1xx.o
                0x080050b4                AHBPrescTable
 .rodata.APBPrescTable
                0x080050c4        0x8 build/system_stm32f1xx.o
                0x080050c4                APBPrescTable
 .rodata._global_impure_ptr
                0x080050cc        0x4 d:/armgcc/9 2020-q2-update/bin/../lib/gcc/arm-none-eabi/9.3.1/../../../../arm-none-eabi/lib/thumb/v7-m/nofp\libc_nano.a(lib_a-impure.o)
                0x080050cc                _global_impure_ptr
 .rodata._printf_float.str1.1
                0x080050d0       0x12 d:/armgcc/9 2020-q2-update/bin/../lib/gcc/arm-none-eabi/9.3.1/../../../../arm-none-eabi/lib/thumb/v7-m/nofp\libc_nano.a(lib_a-nano-vfprintf_float.o)
 .rodata._printf_i.str1.1
                0x080050e2       0x22 d:/armgcc/9 2020-q2-update/bin/../lib/gcc/arm-none-eabi/9.3.1/../../../../arm-none-eabi/lib/thumb/v7-m/nofp\libc_nano.a(lib_a-nano-vfprintf_i.o)
 .rodata._dtoa_r.str1.1
                0x08005104       0xb1 d:/armgcc/9 2020-q2-update/bin/../lib/gcc/arm-none-eabi/9.3.1/../../../../arm-none-eabi/lib/thumb/v7-m/nofp\libc_nano.a(lib_a-dtoa.o)
                                 0xb3 (size before relaxing)
 *fill*         0x080051b5        0x3 
 .rodata.__sf_fake_stderr
                0x080051b8       0x20 d:/armgcc/9 2020-q2-update/bin/../lib/gcc/arm-none-eabi/9.3.1/../../../../arm-none-eabi/lib/thumb/v7-m/nofp\libc_nano.a(lib_a-findfp.o)
                0x080051b8                __sf_fake_stderr
 .rodata.__sf_fake_stdin
                0x080051d8       0x20 d:/armgcc/9 2020-q2-update/bin/../lib/gcc/arm-none-eabi/9.3.1/../../../../arm-none-eabi/lib/thumb/v7-m/nofp\libc_nano.a(lib_a-findfp.o)
                0x080051d8                __sf_fake_stdin
 .rodata.__sf_fake_stdout
                0x080051f8       0x20 d:/armgcc/9 2020-q2-update/bin/../lib/gcc/arm-none-eabi/9.3.1/../../../../arm-none-eabi/lib/thumb/v7-m/nofp\libc_nano.a(lib_a-findfp.o)
                0x080051f8                __sf_fake_stdout
 .rodata._Balloc.str1.1
                0x08005218       0x7d d:/armgcc/9 2020-q2-update/bin/../lib/gcc/arm-none-eabi/9.3.1/../../../../arm-none-eabi/lib/thumb/v7-m/nofp\libc_nano.a(lib_a-mprec.o)
                                 0x94 (size before relaxing)
 .rodata.__multadd.str1.1
                0x08005295       0x11 d:/armgcc/9 2020-q2-update/bin/../lib/gcc/arm-none-eabi/9.3.1/../../../../arm-none-eabi/lib/thumb/v7-m/nofp\libc_nano.a(lib_a-mprec.o)
 *fill*         0x08005295        0x3 
 .rodata.__mprec_bigtens
                0x08005298       0x28 d:/armgcc/9 2020-q2-update/bin/../lib/gcc/arm-none-eabi/9.3.1/../../../../arm-none-eabi/lib/thumb/v7-m/nofp\libc_nano.a(lib_a-mprec.o)
                0x08005298                __mprec_bigtens
 .rodata.__mprec_tens
                0x080052c0       0xc8 d:/armgcc/9 2020-q2-update/bin/../lib/gcc/arm-none-eabi/9.3.1/../../../../arm-none-eabi/lib/thumb/v7-m/nofp\libc_nano.a(lib_a-mprec.o)
                0x080052c0                __mprec_tens
 .rodata.p05.6150
                0x08005388        0xc d:/armgcc/9 2020-q2-update/bin/../lib/gcc/arm-none-eabi/9.3.1/../../../../arm-none-eabi/lib/thumb/v7-m/nofp\libc_nano.a(lib_a-mprec.o)
 .rodata._vfprintf_r.str1.1
                0x08005394       0x11 d:/armgcc/9 2020-q2-update/bin/../lib/gcc/arm-none-eabi/9.3.1/../../../../arm-none-eabi/lib/thumb/v7-m/nofp\libc_nano.a(lib_a-nano-vfprintf.o)
 .rodata.__assert_func.str1.1
                0x080053a5       0x3c d:/armgcc/9 2020-q2-update/bin/../lib/gcc/arm-none-eabi/9.3.1/../../../../arm-none-eabi/lib/thumb/v7-m/nofp\libc_nano.a(lib_a-assert.o)
                                 0x3d (size before relaxing)
 .rodata._setlocale_r.str1.1
                0x080053e1        0x8 d:/armgcc/9 2020-q2-update/bin/../lib/gcc/arm-none-eabi/9.3.1/../../../../arm-none-eabi/lib/thumb/v7-m/nofp\libc_nano.a(lib_a-locale.o)
                                  0x9 (size before relaxing)
 .rodata.str1.1
                0x080053e9        0x2 d:/armgcc/9 2020-q2-update/bin/../lib/gcc/arm-none-eabi/9.3.1/../../../../arm-none-eabi/lib/thumb/v7-m/nofp\libc_nano.a(lib_a-locale.o)
 .rodata._ctype_
                0x080053eb      0x101 d:/armgcc/9 2020-q2-update/bin/../lib/gcc/arm-none-eabi/9.3.1/../../../../arm-none-eabi/lib/thumb/v7-m/nofp\libc_nano.a(lib_a-ctype_.o)
                0x080053eb                _ctype_
                0x080054ec                . = ALIGN (0x4)

.rel.dyn        0x080054ec        0x0
 .rel.iplt      0x080054ec        0x0 d:/armgcc/9 2020-q2-update/bin/../lib/gcc/arm-none-eabi/9.3.1/thumb/v7-m/nofp/crtbegin.o

.ARM.extab
 *(.ARM.extab* .gnu.linkonce.armextab.*)

.ARM            0x080054ec        0x0
                0x080054ec                __exidx_start = .
 *(.ARM.exidx*)
                0x080054ec                __exidx_end = .

.preinit_array  0x080054ec        0x0
                0x080054ec                PROVIDE (__preinit_array_start = .)
 *(.preinit_array*)
                0x080054ec                PROVIDE (__preinit_array_end = .)

.init_array     0x080054ec        0x4
                0x080054ec                PROVIDE (__init_array_start = .)
 *(SORT_BY_NAME(.init_array.*))
 *(.init_array*)
 .init_array    0x080054ec        0x4 d:/armgcc/9 2020-q2-update/bin/../lib/gcc/arm-none-eabi/9.3.1/thumb/v7-m/nofp/crtbegin.o
                0x080054f0                PROVIDE (__init_array_end = .)

.fini_array     0x080054f0        0x4
                [!provide]                PROVIDE (__fini_array_start = .)
 *(SORT_BY_NAME(.fini_array.*))
 *(.fini_array*)
 .fini_array    0x080054f0        0x4 d:/armgcc/9 2020-q2-update/bin/../lib/gcc/arm-none-eabi/9.3.1/thumb/v7-m/nofp/crtbegin.o
                [!provide]                PROVIDE (__fini_array_end = .)
                0x080054f4                _sidata = LOADADDR (.data)

.data           0x20000000      0x1e0 load address 0x080054f4
                0x20000000                . = ALIGN (0x4)
                0x20000000                _sdata = .
 *(.data)
 *(.data*)
 .data.uwTickFreq
                0x20000000        0x1 build/stm32f1xx_hal.o
                0x20000000                uwTickFreq
 *fill*         0x20000001        0x3 
 .data.uwTickPrio
                0x20000004        0x4 build/stm32f1xx_hal.o
                0x20000004                uwTickPrio
 .data.SystemCoreClock
                0x20000008        0x4 build/system_stm32f1xx.o
                0x20000008                SystemCoreClock
 .data.Sign     0x2000000c        0x1 build/DS18B20.o
                0x2000000c                Sign
 *fill*         0x2000000d        0x3 
 .data._impure_ptr
                0x20000010        0x4 d:/armgcc/9 2020-q2-update/bin/../lib/gcc/arm-none-eabi/9.3.1/../../../../arm-none-eabi/lib/thumb/v7-m/nofp\libc_nano.a(lib_a-impure.o)
                0x20000010                _impure_ptr
 .data.impure_data
                0x20000014       0x60 d:/armgcc/9 2020-q2-update/bin/../lib/gcc/arm-none-eabi/9.3.1/../../../../arm-none-eabi/lib/thumb/v7-m/nofp\libc_nano.a(lib_a-impure.o)
 .data.__global_locale
                0x20000074      0x16c d:/armgcc/9 2020-q2-update/bin/../lib/gcc/arm-none-eabi/9.3.1/../../../../arm-none-eabi/lib/thumb/v7-m/nofp\libc_nano.a(lib_a-locale.o)
                0x20000074                __global_locale
                0x200001e0                . = ALIGN (0x4)
                0x200001e0                _edata = .

.igot.plt       0x200001e0        0x0 load address 0x080056d4
 .igot.plt      0x200001e0        0x0 d:/armgcc/9 2020-q2-update/bin/../lib/gcc/arm-none-eabi/9.3.1/thumb/v7-m/nofp/crtbegin.o
                0x200001e0                . = ALIGN (0x4)

.bss            0x200001e0       0xcc load address 0x080056d4
                0x200001e0                _sbss = .
                0x200001e0                __bss_start__ = _sbss
 *(.bss)
 .bss           0x200001e0       0x1c d:/armgcc/9 2020-q2-update/bin/../lib/gcc/arm-none-eabi/9.3.1/thumb/v7-m/nofp/crtbegin.o
 *(.bss*)
 .bss.count     0x200001fc        0x2 build/main.o
                0x200001fc                count
 *fill*         0x200001fe        0x2 
 .bss.DS18B20_TempDataStruct
                0x20000200        0xc build/DS18B20.o
                0x20000200                DS18B20_TempDataStruct
 .bss.__malloc_free_list
                0x2000020c        0x4 d:/armgcc/9 2020-q2-update/bin/../lib/gcc/arm-none-eabi/9.3.1/../../../../arm-none-eabi/lib/thumb/v7-m/nofp\libc_nano.a(lib_a-nano-mallocr.o)
                0x2000020c                __malloc_free_list
 .bss.__malloc_sbrk_start
                0x20000210        0x4 d:/armgcc/9 2020-q2-update/bin/../lib/gcc/arm-none-eabi/9.3.1/../../../../arm-none-eabi/lib/thumb/v7-m/nofp\libc_nano.a(lib_a-nano-mallocr.o)
                0x20000210                __malloc_sbrk_start
 .bss.heap_end.4144
                0x20000214        0x4 d:/armgcc/9 2020-q2-update/bin/../lib/gcc/arm-none-eabi/9.3.1/../../../../arm-none-eabi/lib/thumb/v7-m/nofp\libnosys.a(sbrk.o)
 *(COMMON)
 COMMON         0x20000218       0x40 build/tim.o
                0x20000218                htim6
 COMMON         0x20000258        0x4 build/stm32f1xx_hal.o
                0x20000258                uwTick
 COMMON         0x2000025c       0x40 build/usart.o
                0x2000025c                huart1
 COMMON         0x2000029c        0x9 d:/armgcc/9 2020-q2-update/bin/../lib/gcc/arm-none-eabi/9.3.1/../../../../arm-none-eabi/lib/thumb/v7-m/nofp\libc_nano.a(lib_a-lock.o)
                0x2000029c                __lock___atexit_recursive_mutex
                0x2000029d                __lock___arc4random_mutex
                0x2000029e                __lock___env_recursive_mutex
                0x2000029f                __lock___sinit_recursive_mutex
                0x200002a0                __lock___malloc_recursive_mutex
                0x200002a1                __lock___at_quick_exit_mutex
                0x200002a2                __lock___dd_hash_mutex
                0x200002a3                __lock___tz_mutex
                0x200002a4                __lock___sfp_recursive_mutex
 *fill*         0x200002a5        0x3 
 COMMON         0x200002a8        0x4 d:/armgcc/9 2020-q2-update/bin/../lib/gcc/arm-none-eabi/9.3.1/../../../../arm-none-eabi/lib/thumb/v7-m/nofp\libc_nano.a(lib_a-reent.o)
                0x200002a8                errno
                0x200002ac                . = ALIGN (0x4)
                0x200002ac                _ebss = .
                0x200002ac                __bss_end__ = _ebss

._user_heap_stack
                0x200002ac      0x604 load address 0x080056d4
                0x200002b0                . = ALIGN (0x8)
 *fill*         0x200002ac        0x4 
                0x200002b0                PROVIDE (end = .)
                [!provide]                PROVIDE (_end = .)
                0x200004b0                . = (. + _Min_Heap_Size)
 *fill*         0x200002b0      0x200 
                0x200008b0                . = (. + _Min_Stack_Size)
 *fill*         0x200004b0      0x400 
                0x200008b0                . = ALIGN (0x8)

/DISCARD/
 libc.a(*)
 libm.a(*)
 libgcc.a(*)

.ARM.attributes
                0x00000000       0x29
 *(.ARM.attributes)
 .ARM.attributes
                0x00000000       0x1d d:/armgcc/9 2020-q2-update/bin/../lib/gcc/arm-none-eabi/9.3.1/thumb/v7-m/nofp/crti.o
 .ARM.attributes
                0x0000001d       0x2d d:/armgcc/9 2020-q2-update/bin/../lib/gcc/arm-none-eabi/9.3.1/thumb/v7-m/nofp/crtbegin.o
 .ARM.attributes
                0x0000004a       0x2d build/main.o
 .ARM.attributes
                0x00000077       0x2d build/gpio.o
 .ARM.attributes
                0x000000a4       0x2d build/tim.o
 .ARM.attributes
                0x000000d1       0x2d build/stm32f1xx_it.o
 .ARM.attributes
                0x000000fe       0x2d build/stm32f1xx_hal_msp.o
 .ARM.attributes
                0x0000012b       0x2d build/stm32f1xx_hal_tim.o
 .ARM.attributes
                0x00000158       0x2d build/stm32f1xx_hal_tim_ex.o
 .ARM.attributes
                0x00000185       0x2d build/stm32f1xx_hal.o
 .ARM.attributes
                0x000001b2       0x2d build/stm32f1xx_hal_rcc.o
 .ARM.attributes
                0x000001df       0x2d build/stm32f1xx_hal_gpio.o
 .ARM.attributes
                0x0000020c       0x2d build/stm32f1xx_hal_dma.o
 .ARM.attributes
                0x00000239       0x2d build/stm32f1xx_hal_cortex.o
 .ARM.attributes
                0x00000266       0x2d build/system_stm32f1xx.o
 .ARM.attributes
                0x00000293       0x2d build/usart.o
 .ARM.attributes
                0x000002c0       0x2d build/DS18B20.o
 .ARM.attributes
                0x000002ed       0x2d build/stm32f1xx_hal_uart.o
 .ARM.attributes
                0x0000031a       0x21 build/startup_stm32f103xe.o
 .ARM.attributes
                0x0000033b       0x2d d:/armgcc/9 2020-q2-update/bin/../lib/gcc/arm-none-eabi/9.3.1/../../../../arm-none-eabi/lib/thumb/v7-m/nofp\libc_nano.a(lib_a-impure.o)
 .ARM.attributes
                0x00000368       0x2d d:/armgcc/9 2020-q2-update/bin/../lib/gcc/arm-none-eabi/9.3.1/../../../../arm-none-eabi/lib/thumb/v7-m/nofp\libc_nano.a(lib_a-init.o)
 .ARM.attributes
                0x00000395       0x2d d:/armgcc/9 2020-q2-update/bin/../lib/gcc/arm-none-eabi/9.3.1/../../../../arm-none-eabi/lib/thumb/v7-m/nofp\libc_nano.a(lib_a-memset.o)
 .ARM.attributes
                0x000003c2       0x2d d:/armgcc/9 2020-q2-update/bin/../lib/gcc/arm-none-eabi/9.3.1/../../../../arm-none-eabi/lib/thumb/v7-m/nofp\libc_nano.a(lib_a-nano-vfprintf_float.o)
 .ARM.attributes
                0x000003ef       0x2d d:/armgcc/9 2020-q2-update/bin/../lib/gcc/arm-none-eabi/9.3.1/../../../../arm-none-eabi/lib/thumb/v7-m/nofp\libc_nano.a(lib_a-nano-vfprintf_i.o)
 .ARM.attributes
                0x0000041c       0x2d d:/armgcc/9 2020-q2-update/bin/../lib/gcc/arm-none-eabi/9.3.1/../../../../arm-none-eabi/lib/thumb/v7-m/nofp\libc_nano.a(lib_a-printf.o)
 .ARM.attributes
                0x00000449       0x2d d:/armgcc/9 2020-q2-update/bin/../lib/gcc/arm-none-eabi/9.3.1/../../../../arm-none-eabi/lib/thumb/v7-m/nofp\libc_nano.a(lib_a-puts.o)
 .ARM.attributes
                0x00000476       0x17 d:/armgcc/9 2020-q2-update/bin/../lib/gcc/arm-none-eabi/9.3.1/../../../../arm-none-eabi/lib/thumb/v7-m/nofp\libc_nano.a(lib_a-strlen.o)
 .ARM.attributes
                0x0000048d       0x2d d:/armgcc/9 2020-q2-update/bin/../lib/gcc/arm-none-eabi/9.3.1/../../../../arm-none-eabi/lib/thumb/v7-m/nofp\libc_nano.a(lib_a-wbuf.o)
 .ARM.attributes
                0x000004ba       0x2d d:/armgcc/9 2020-q2-update/bin/../lib/gcc/arm-none-eabi/9.3.1/../../../../arm-none-eabi/lib/thumb/v7-m/nofp\libc_nano.a(lib_a-wsetup.o)
 .ARM.attributes
                0x000004e7       0x2d d:/armgcc/9 2020-q2-update/bin/../lib/gcc/arm-none-eabi/9.3.1/../../../../arm-none-eabi/lib/thumb/v7-m/nofp\libc_nano.a(lib_a-dtoa.o)
 .ARM.attributes
                0x00000514       0x2d d:/armgcc/9 2020-q2-update/bin/../lib/gcc/arm-none-eabi/9.3.1/../../../../arm-none-eabi/lib/thumb/v7-m/nofp\libc_nano.a(lib_a-fflush.o)
 .ARM.attributes
                0x00000541       0x2d d:/armgcc/9 2020-q2-update/bin/../lib/gcc/arm-none-eabi/9.3.1/../../../../arm-none-eabi/lib/thumb/v7-m/nofp\libc_nano.a(lib_a-findfp.o)
 .ARM.attributes
                0x0000056e       0x2d d:/armgcc/9 2020-q2-update/bin/../lib/gcc/arm-none-eabi/9.3.1/../../../../arm-none-eabi/lib/thumb/v7-m/nofp\libc_nano.a(lib_a-fwalk.o)
 .ARM.attributes
                0x0000059b       0x2d d:/armgcc/9 2020-q2-update/bin/../lib/gcc/arm-none-eabi/9.3.1/../../../../arm-none-eabi/lib/thumb/v7-m/nofp\libc_nano.a(lib_a-localeconv.o)
 .ARM.attributes
                0x000005c8       0x2d d:/armgcc/9 2020-q2-update/bin/../lib/gcc/arm-none-eabi/9.3.1/../../../../arm-none-eabi/lib/thumb/v7-m/nofp\libc_nano.a(lib_a-lock.o)
 .ARM.attributes
                0x000005f5       0x2d d:/armgcc/9 2020-q2-update/bin/../lib/gcc/arm-none-eabi/9.3.1/../../../../arm-none-eabi/lib/thumb/v7-m/nofp\libc_nano.a(lib_a-makebuf.o)
 .ARM.attributes
                0x00000622       0x2d d:/armgcc/9 2020-q2-update/bin/../lib/gcc/arm-none-eabi/9.3.1/../../../../arm-none-eabi/lib/thumb/v7-m/nofp\libc_nano.a(lib_a-malloc.o)
 .ARM.attributes
                0x0000064f       0x2d d:/armgcc/9 2020-q2-update/bin/../lib/gcc/arm-none-eabi/9.3.1/../../../../arm-none-eabi/lib/thumb/v7-m/nofp\libc_nano.a(lib_a-memchr-stub.o)
 .ARM.attributes
                0x0000067c       0x2d d:/armgcc/9 2020-q2-update/bin/../lib/gcc/arm-none-eabi/9.3.1/../../../../arm-none-eabi/lib/thumb/v7-m/nofp\libc_nano.a(lib_a-memcpy-stub.o)
 .ARM.attributes
                0x000006a9       0x2d d:/armgcc/9 2020-q2-update/bin/../lib/gcc/arm-none-eabi/9.3.1/../../../../arm-none-eabi/lib/thumb/v7-m/nofp\libc_nano.a(lib_a-mprec.o)
 .ARM.attributes
                0x000006d6       0x2d d:/armgcc/9 2020-q2-update/bin/../lib/gcc/arm-none-eabi/9.3.1/../../../../arm-none-eabi/lib/thumb/v7-m/nofp\libc_nano.a(lib_a-nano-callocr.o)
 .ARM.attributes
                0x00000703       0x2d d:/armgcc/9 2020-q2-update/bin/../lib/gcc/arm-none-eabi/9.3.1/../../../../arm-none-eabi/lib/thumb/v7-m/nofp\libc_nano.a(lib_a-nano-freer.o)
 .ARM.attributes
                0x00000730       0x2d d:/armgcc/9 2020-q2-update/bin/../lib/gcc/arm-none-eabi/9.3.1/../../../../arm-none-eabi/lib/thumb/v7-m/nofp\libc_nano.a(lib_a-nano-mallocr.o)
 .ARM.attributes
                0x0000075d       0x2d d:/armgcc/9 2020-q2-update/bin/../lib/gcc/arm-none-eabi/9.3.1/../../../../arm-none-eabi/lib/thumb/v7-m/nofp\libc_nano.a(lib_a-nano-vfprintf.o)
 .ARM.attributes
                0x0000078a       0x2d d:/armgcc/9 2020-q2-update/bin/../lib/gcc/arm-none-eabi/9.3.1/../../../../arm-none-eabi/lib/thumb/v7-m/nofp\libc_nano.a(lib_a-sbrkr.o)
 .ARM.attributes
                0x000007b7       0x2d d:/armgcc/9 2020-q2-update/bin/../lib/gcc/arm-none-eabi/9.3.1/../../../../arm-none-eabi/lib/thumb/v7-m/nofp\libc_nano.a(lib_a-stdio.o)
 .ARM.attributes
                0x000007e4       0x2d d:/armgcc/9 2020-q2-update/bin/../lib/gcc/arm-none-eabi/9.3.1/../../../../arm-none-eabi/lib/thumb/v7-m/nofp\libc_nano.a(lib_a-writer.o)
 .ARM.attributes
                0x00000811       0x2d d:/armgcc/9 2020-q2-update/bin/../lib/gcc/arm-none-eabi/9.3.1/../../../../arm-none-eabi/lib/thumb/v7-m/nofp\libc_nano.a(lib_a-assert.o)
 .ARM.attributes
                0x0000083e       0x2d d:/armgcc/9 2020-q2-update/bin/../lib/gcc/arm-none-eabi/9.3.1/../../../../arm-none-eabi/lib/thumb/v7-m/nofp\libc_nano.a(lib_a-closer.o)
 .ARM.attributes
                0x0000086b       0x2d d:/armgcc/9 2020-q2-update/bin/../lib/gcc/arm-none-eabi/9.3.1/../../../../arm-none-eabi/lib/thumb/v7-m/nofp\libc_nano.a(lib_a-fprintf.o)
 .ARM.attributes
                0x00000898       0x2d d:/armgcc/9 2020-q2-update/bin/../lib/gcc/arm-none-eabi/9.3.1/../../../../arm-none-eabi/lib/thumb/v7-m/nofp\libc_nano.a(lib_a-fstatr.o)
 .ARM.attributes
                0x000008c5       0x2d d:/armgcc/9 2020-q2-update/bin/../lib/gcc/arm-none-eabi/9.3.1/../../../../arm-none-eabi/lib/thumb/v7-m/nofp\libc_nano.a(lib_a-isattyr.o)
 .ARM.attributes
                0x000008f2       0x2d d:/armgcc/9 2020-q2-update/bin/../lib/gcc/arm-none-eabi/9.3.1/../../../../arm-none-eabi/lib/thumb/v7-m/nofp\libc_nano.a(lib_a-locale.o)
 .ARM.attributes
                0x0000091f       0x2d d:/armgcc/9 2020-q2-update/bin/../lib/gcc/arm-none-eabi/9.3.1/../../../../arm-none-eabi/lib/thumb/v7-m/nofp\libc_nano.a(lib_a-lseekr.o)
 .ARM.attributes
                0x0000094c       0x2d d:/armgcc/9 2020-q2-update/bin/../lib/gcc/arm-none-eabi/9.3.1/../../../../arm-none-eabi/lib/thumb/v7-m/nofp\libc_nano.a(lib_a-mbtowc_r.o)
 .ARM.attributes
                0x00000979       0x2d d:/armgcc/9 2020-q2-update/bin/../lib/gcc/arm-none-eabi/9.3.1/../../../../arm-none-eabi/lib/thumb/v7-m/nofp\libc_nano.a(lib_a-mlock.o)
 .ARM.attributes
                0x000009a6       0x2d d:/armgcc/9 2020-q2-update/bin/../lib/gcc/arm-none-eabi/9.3.1/../../../../arm-none-eabi/lib/thumb/v7-m/nofp\libc_nano.a(lib_a-readr.o)
 .ARM.attributes
                0x000009d3       0x2d d:/armgcc/9 2020-q2-update/bin/../lib/gcc/arm-none-eabi/9.3.1/../../../../arm-none-eabi/lib/thumb/v7-m/nofp\libc_nano.a(lib_a-reent.o)
 .ARM.attributes
                0x00000a00       0x2d d:/armgcc/9 2020-q2-update/bin/../lib/gcc/arm-none-eabi/9.3.1/../../../../arm-none-eabi/lib/thumb/v7-m/nofp\libc_nano.a(lib_a-wctomb_r.o)
 .ARM.attributes
                0x00000a2d       0x2d d:/armgcc/9 2020-q2-update/bin/../lib/gcc/arm-none-eabi/9.3.1/../../../../arm-none-eabi/lib/thumb/v7-m/nofp\libc_nano.a(lib_a-abort.o)
 .ARM.attributes
                0x00000a5a       0x2d d:/armgcc/9 2020-q2-update/bin/../lib/gcc/arm-none-eabi/9.3.1/../../../../arm-none-eabi/lib/thumb/v7-m/nofp\libc_nano.a(lib_a-ctype_.o)
 .ARM.attributes
                0x00000a87       0x2d d:/armgcc/9 2020-q2-update/bin/../lib/gcc/arm-none-eabi/9.3.1/../../../../arm-none-eabi/lib/thumb/v7-m/nofp\libc_nano.a(lib_a-signal.o)
 .ARM.attributes
                0x00000ab4       0x2d d:/armgcc/9 2020-q2-update/bin/../lib/gcc/arm-none-eabi/9.3.1/../../../../arm-none-eabi/lib/thumb/v7-m/nofp\libc_nano.a(lib_a-signalr.o)
 .ARM.attributes
                0x00000ae1       0x2d d:/armgcc/9 2020-q2-update/bin/../lib/gcc/arm-none-eabi/9.3.1/../../../../arm-none-eabi/lib/thumb/v7-m/nofp\libnosys.a(close.o)
 .ARM.attributes
                0x00000b0e       0x2d d:/armgcc/9 2020-q2-update/bin/../lib/gcc/arm-none-eabi/9.3.1/../../../../arm-none-eabi/lib/thumb/v7-m/nofp\libnosys.a(fstat.o)
 .ARM.attributes
                0x00000b3b       0x2d d:/armgcc/9 2020-q2-update/bin/../lib/gcc/arm-none-eabi/9.3.1/../../../../arm-none-eabi/lib/thumb/v7-m/nofp\libnosys.a(getpid.o)
 .ARM.attributes
                0x00000b68       0x2d d:/armgcc/9 2020-q2-update/bin/../lib/gcc/arm-none-eabi/9.3.1/../../../../arm-none-eabi/lib/thumb/v7-m/nofp\libnosys.a(isatty.o)
 .ARM.attributes
                0x00000b95       0x2d d:/armgcc/9 2020-q2-update/bin/../lib/gcc/arm-none-eabi/9.3.1/../../../../arm-none-eabi/lib/thumb/v7-m/nofp\libnosys.a(kill.o)
 .ARM.attributes
                0x00000bc2       0x2d d:/armgcc/9 2020-q2-update/bin/../lib/gcc/arm-none-eabi/9.3.1/../../../../arm-none-eabi/lib/thumb/v7-m/nofp\libnosys.a(lseek.o)
 .ARM.attributes
                0x00000bef       0x2d d:/armgcc/9 2020-q2-update/bin/../lib/gcc/arm-none-eabi/9.3.1/../../../../arm-none-eabi/lib/thumb/v7-m/nofp\libnosys.a(read.o)
 .ARM.attributes
                0x00000c1c       0x2d d:/armgcc/9 2020-q2-update/bin/../lib/gcc/arm-none-eabi/9.3.1/../../../../arm-none-eabi/lib/thumb/v7-m/nofp\libnosys.a(sbrk.o)
 .ARM.attributes
                0x00000c49       0x2d d:/armgcc/9 2020-q2-update/bin/../lib/gcc/arm-none-eabi/9.3.1/../../../../arm-none-eabi/lib/thumb/v7-m/nofp\libnosys.a(_exit.o)
 .ARM.attributes
                0x00000c76       0x1d d:/armgcc/9 2020-q2-update/bin/../lib/gcc/arm-none-eabi/9.3.1/thumb/v7-m/nofp\libgcc.a(_arm_addsubdf3.o)
 .ARM.attributes
                0x00000c93       0x1d d:/armgcc/9 2020-q2-update/bin/../lib/gcc/arm-none-eabi/9.3.1/thumb/v7-m/nofp\libgcc.a(_arm_muldivdf3.o)
 .ARM.attributes
                0x00000cb0       0x1d d:/armgcc/9 2020-q2-update/bin/../lib/gcc/arm-none-eabi/9.3.1/thumb/v7-m/nofp\libgcc.a(_arm_cmpdf2.o)
 .ARM.attributes
                0x00000ccd       0x1d d:/armgcc/9 2020-q2-update/bin/../lib/gcc/arm-none-eabi/9.3.1/thumb/v7-m/nofp\libgcc.a(_arm_unorddf2.o)
 .ARM.attributes
                0x00000cea       0x1d d:/armgcc/9 2020-q2-update/bin/../lib/gcc/arm-none-eabi/9.3.1/thumb/v7-m/nofp\libgcc.a(_arm_fixdfsi.o)
 .ARM.attributes
                0x00000d07       0x1d d:/armgcc/9 2020-q2-update/bin/../lib/gcc/arm-none-eabi/9.3.1/thumb/v7-m/nofp\libgcc.a(_arm_fixunsdfsi.o)
 .ARM.attributes
                0x00000d24       0x1d d:/armgcc/9 2020-q2-update/bin/../lib/gcc/arm-none-eabi/9.3.1/thumb/v7-m/nofp/crtn.o
OUTPUT(build/DS18B20.elf elf32-littlearm)
LOAD linker stubs
LOAD d:/armgcc/9 2020-q2-update/bin/../lib/gcc/arm-none-eabi/9.3.1/../../../../arm-none-eabi/lib/thumb/v7-m/nofp\libc.a
LOAD d:/armgcc/9 2020-q2-update/bin/../lib/gcc/arm-none-eabi/9.3.1/../../../../arm-none-eabi/lib/thumb/v7-m/nofp\libm.a
LOAD d:/armgcc/9 2020-q2-update/bin/../lib/gcc/arm-none-eabi/9.3.1/thumb/v7-m/nofp\libgcc.a

.debug_info     0x00000000     0xf867
 .debug_info    0x00000000     0x1745 build/main.o
 .debug_info    0x00001745      0x41b build/gpio.o
 .debug_info    0x00001b60      0x8fe build/tim.o
 .debug_info    0x0000245e      0x773 build/stm32f1xx_it.o
 .debug_info    0x00002bd1      0x324 build/stm32f1xx_hal_msp.o
 .debug_info    0x00002ef5     0x3948 build/stm32f1xx_hal_tim.o
 .debug_info    0x0000683d     0x1813 build/stm32f1xx_hal_tim_ex.o
 .debug_info    0x00008050      0x92c build/stm32f1xx_hal.o
 .debug_info    0x0000897c      0xb59 build/stm32f1xx_hal_rcc.o
 .debug_info    0x000094d5      0x7a8 build/stm32f1xx_hal_gpio.o
 .debug_info    0x00009c7d      0x9a6 build/stm32f1xx_hal_dma.o
 .debug_info    0x0000a623      0xf4f build/stm32f1xx_hal_cortex.o
 .debug_info    0x0000b572      0x4cf build/system_stm32f1xx.o
 .debug_info    0x0000ba41     0x1611 build/usart.o
 .debug_info    0x0000d052      0xd59 build/DS18B20.o
 .debug_info    0x0000ddab     0x1a9a build/stm32f1xx_hal_uart.o
 .debug_info    0x0000f845       0x22 build/startup_stm32f103xe.o

.debug_abbrev   0x00000000     0x2563
 .debug_abbrev  0x00000000      0x2bd build/main.o
 .debug_abbrev  0x000002bd      0x17e build/gpio.o
 .debug_abbrev  0x0000043b      0x1ff build/tim.o
 .debug_abbrev  0x0000063a      0x183 build/stm32f1xx_it.o
 .debug_abbrev  0x000007bd      0x130 build/stm32f1xx_hal_msp.o
 .debug_abbrev  0x000008ed      0x2c3 build/stm32f1xx_hal_tim.o
 .debug_abbrev  0x00000bb0      0x2ab build/stm32f1xx_hal_tim_ex.o
 .debug_abbrev  0x00000e5b      0x22f build/stm32f1xx_hal.o
 .debug_abbrev  0x0000108a      0x2ad build/stm32f1xx_hal_rcc.o
 .debug_abbrev  0x00001337      0x24f build/stm32f1xx_hal_gpio.o
 .debug_abbrev  0x00001586      0x2a1 build/stm32f1xx_hal_dma.o
 .debug_abbrev  0x00001827      0x37f build/stm32f1xx_hal_cortex.o
 .debug_abbrev  0x00001ba6      0x153 build/system_stm32f1xx.o
 .debug_abbrev  0x00001cf9      0x2ca build/usart.o
 .debug_abbrev  0x00001fc3      0x2a4 build/DS18B20.o
 .debug_abbrev  0x00002267      0x2ea build/stm32f1xx_hal_uart.o
 .debug_abbrev  0x00002551       0x12 build/startup_stm32f103xe.o

.debug_loc      0x00000000     0x9e4b
 .debug_loc     0x00000000       0x59 build/main.o
 .debug_loc     0x00000059       0x38 build/gpio.o
 .debug_loc     0x00000091       0x70 build/tim.o
 .debug_loc     0x00000101       0x40 build/stm32f1xx_it.o
 .debug_loc     0x00000141       0x41 build/stm32f1xx_hal_msp.o
 .debug_loc     0x00000182     0x455f build/stm32f1xx_hal_tim.o
 .debug_loc     0x000046e1     0x15ad build/stm32f1xx_hal_tim_ex.o
 .debug_loc     0x00005c8e      0x1bb build/stm32f1xx_hal.o
 .debug_loc     0x00005e49      0x7c0 build/stm32f1xx_hal_rcc.o
 .debug_loc     0x00006609      0x501 build/stm32f1xx_hal_gpio.o
 .debug_loc     0x00006b0a      0x8ea build/stm32f1xx_hal_dma.o
 .debug_loc     0x000073f4      0x7af build/stm32f1xx_hal_cortex.o
 .debug_loc     0x00007ba3       0xff build/system_stm32f1xx.o
 .debug_loc     0x00007ca2      0x22b build/usart.o
 .debug_loc     0x00007ecd      0x263 build/DS18B20.o
 .debug_loc     0x00008130     0x1d1b build/stm32f1xx_hal_uart.o

.debug_aranges  0x00000000      0xb80
 .debug_aranges
                0x00000000       0x30 build/main.o
 .debug_aranges
                0x00000030       0x20 build/gpio.o
 .debug_aranges
                0x00000050       0x30 build/tim.o
 .debug_aranges
                0x00000080       0x68 build/stm32f1xx_it.o
 .debug_aranges
                0x000000e8       0x20 build/stm32f1xx_hal_msp.o
 .debug_aranges
                0x00000108      0x3a8 build/stm32f1xx_hal_tim.o
 .debug_aranges
                0x000004b0      0x150 build/stm32f1xx_hal_tim_ex.o
 .debug_aranges
                0x00000600       0xe0 build/stm32f1xx_hal.o
 .debug_aranges
                0x000006e0       0x90 build/stm32f1xx_hal_rcc.o
 .debug_aranges
                0x00000770       0x58 build/stm32f1xx_hal_gpio.o
 .debug_aranges
                0x000007c8       0x80 build/stm32f1xx_hal_dma.o
 .debug_aranges
                0x00000848       0x90 build/stm32f1xx_hal_cortex.o
 .debug_aranges
                0x000008d8       0x28 build/system_stm32f1xx.o
 .debug_aranges
                0x00000900       0x40 build/usart.o
 .debug_aranges
                0x00000940       0x48 build/DS18B20.o
 .debug_aranges
                0x00000988      0x1d0 build/stm32f1xx_hal_uart.o
 .debug_aranges
                0x00000b58       0x28 build/startup_stm32f103xe.o

.debug_ranges   0x00000000      0xaf8
 .debug_ranges  0x00000000       0x20 build/main.o
 .debug_ranges  0x00000020       0x10 build/gpio.o
 .debug_ranges  0x00000030       0x20 build/tim.o
 .debug_ranges  0x00000050       0x58 build/stm32f1xx_it.o
 .debug_ranges  0x000000a8       0x10 build/stm32f1xx_hal_msp.o
 .debug_ranges  0x000000b8      0x398 build/stm32f1xx_hal_tim.o
 .debug_ranges  0x00000450      0x140 build/stm32f1xx_hal_tim_ex.o
 .debug_ranges  0x00000590       0xd0 build/stm32f1xx_hal.o
 .debug_ranges  0x00000660       0xa0 build/stm32f1xx_hal_rcc.o
 .debug_ranges  0x00000700       0x48 build/stm32f1xx_hal_gpio.o
 .debug_ranges  0x00000748       0x70 build/stm32f1xx_hal_dma.o
 .debug_ranges  0x000007b8       0xe0 build/stm32f1xx_hal_cortex.o
 .debug_ranges  0x00000898       0x18 build/system_stm32f1xx.o
 .debug_ranges  0x000008b0       0x30 build/usart.o
 .debug_ranges  0x000008e0       0x38 build/DS18B20.o
 .debug_ranges  0x00000918      0x1c0 build/stm32f1xx_hal_uart.o
 .debug_ranges  0x00000ad8       0x20 build/startup_stm32f103xe.o

.debug_line     0x00000000     0xa586
 .debug_line    0x00000000      0x40e build/main.o
 .debug_line    0x0000040e      0x1c9 build/gpio.o
 .debug_line    0x000005d7      0x2a0 build/tim.o
 .debug_line    0x00000877      0x2c3 build/stm32f1xx_it.o
 .debug_line    0x00000b3a      0x19a build/stm32f1xx_hal_msp.o
 .debug_line    0x00000cd4     0x366e build/stm32f1xx_hal_tim.o
 .debug_line    0x00004342     0x1193 build/stm32f1xx_hal_tim_ex.o
 .debug_line    0x000054d5      0x4de build/stm32f1xx_hal.o
 .debug_line    0x000059b3      0xbff build/stm32f1xx_hal_rcc.o
 .debug_line    0x000065b2      0x5f6 build/stm32f1xx_hal_gpio.o
 .debug_line    0x00006ba8      0xcef build/stm32f1xx_hal_dma.o
 .debug_line    0x00007897      0x638 build/stm32f1xx_hal_cortex.o
 .debug_line    0x00007ecf      0x288 build/system_stm32f1xx.o
 .debug_line    0x00008157      0x3ed build/usart.o
 .debug_line    0x00008544      0x42f build/DS18B20.o
 .debug_line    0x00008973     0x1ba1 build/stm32f1xx_hal_uart.o
 .debug_line    0x0000a514       0x72 build/startup_stm32f103xe.o

.debug_str      0x00000000     0x384f
 .debug_str     0x00000000      0xd3a build/main.o
                                0xe0f (size before relaxing)
 .debug_str     0x00000d3a       0xd0 build/gpio.o
                                0x321 (size before relaxing)
 .debug_str     0x00000e0a       0xc7 build/tim.o
                                0x731 (size before relaxing)
 .debug_str     0x00000ed1       0xd5 build/stm32f1xx_it.o
                                0x6a2 (size before relaxing)
 .debug_str     0x00000fa6       0x52 build/stm32f1xx_hal_msp.o
                                0x2c3 (size before relaxing)
 .debug_str     0x00000ff8      0xe34 build/stm32f1xx_hal_tim.o
                               0x14da (size before relaxing)
 .debug_str     0x00001e2c      0x4d5 build/stm32f1xx_hal_tim_ex.o
                                0xcf2 (size before relaxing)
 .debug_str     0x00002301      0x636 build/stm32f1xx_hal.o
                                0x91a (size before relaxing)
 .debug_str     0x00002937      0x1e2 build/stm32f1xx_hal_rcc.o
                                0x68b (size before relaxing)
 .debug_str     0x00002b19      0x127 build/stm32f1xx_hal_gpio.o
                                0x4a9 (size before relaxing)
 .debug_str     0x00002c40      0x215 build/stm32f1xx_hal_dma.o
                                0x6a6 (size before relaxing)
 .debug_str     0x00002e55      0x3b8 build/stm32f1xx_hal_cortex.o
                                0xa3c (size before relaxing)
 .debug_str     0x0000320d       0x4a build/system_stm32f1xx.o
                                0x318 (size before relaxing)
 .debug_str     0x00003257       0x70 build/usart.o
                                0xf07 (size before relaxing)
 .debug_str     0x000032c7       0x7f build/DS18B20.o
                                0x7db (size before relaxing)
 .debug_str     0x00003346      0x4e5 build/stm32f1xx_hal_uart.o
                                0xc22 (size before relaxing)
 .debug_str     0x0000382b       0x24 build/startup_stm32f103xe.o
                                 0x46 (size before relaxing)

.comment        0x00000000       0x4c
 .comment       0x00000000       0x4c build/main.o
                                 0x4d (size before relaxing)
 .comment       0x0000004c       0x4d build/gpio.o
 .comment       0x0000004c       0x4d build/tim.o
 .comment       0x0000004c       0x4d build/stm32f1xx_it.o
 .comment       0x0000004c       0x4d build/stm32f1xx_hal_msp.o
 .comment       0x0000004c       0x4d build/stm32f1xx_hal_tim.o
 .comment       0x0000004c       0x4d build/stm32f1xx_hal_tim_ex.o
 .comment       0x0000004c       0x4d build/stm32f1xx_hal.o
 .comment       0x0000004c       0x4d build/stm32f1xx_hal_rcc.o
 .comment       0x0000004c       0x4d build/stm32f1xx_hal_gpio.o
 .comment       0x0000004c       0x4d build/stm32f1xx_hal_dma.o
 .comment       0x0000004c       0x4d build/stm32f1xx_hal_cortex.o
 .comment       0x0000004c       0x4d build/system_stm32f1xx.o
 .comment       0x0000004c       0x4d build/usart.o
 .comment       0x0000004c       0x4d build/DS18B20.o
 .comment       0x0000004c       0x4d build/stm32f1xx_hal_uart.o

.debug_frame    0x00000000     0x2f6c
 .debug_frame   0x00000000       0x58 build/main.o
 .debug_frame   0x00000058       0x30 build/gpio.o
 .debug_frame   0x00000088       0x58 build/tim.o
 .debug_frame   0x000000e0       0xc0 build/stm32f1xx_it.o
 .debug_frame   0x000001a0       0x28 build/stm32f1xx_hal_msp.o
 .debug_frame   0x000001c8      0xa7c build/stm32f1xx_hal_tim.o
 .debug_frame   0x00000c44      0x3b8 build/stm32f1xx_hal_tim_ex.o
 .debug_frame   0x00000ffc      0x1cc build/stm32f1xx_hal.o
 .debug_frame   0x000011c8      0x190 build/stm32f1xx_hal_rcc.o
 .debug_frame   0x00001358       0xe8 build/stm32f1xx_hal_gpio.o
 .debug_frame   0x00001440      0x144 build/stm32f1xx_hal_dma.o
 .debug_frame   0x00001584      0x12c build/stm32f1xx_hal_cortex.o
 .debug_frame   0x000016b0       0x30 build/system_stm32f1xx.o
 .debug_frame   0x000016e0       0x9c build/usart.o
 .debug_frame   0x0000177c       0xb4 build/DS18B20.o
 .debug_frame   0x00001830      0x4ec build/stm32f1xx_hal_uart.o
 .debug_frame   0x00001d1c       0x2c d:/armgcc/9 2020-q2-update/bin/../lib/gcc/arm-none-eabi/9.3.1/../../../../arm-none-eabi/lib/thumb/v7-m/nofp\libc_nano.a(lib_a-init.o)
 .debug_frame   0x00001d48       0x20 d:/armgcc/9 2020-q2-update/bin/../lib/gcc/arm-none-eabi/9.3.1/../../../../arm-none-eabi/lib/thumb/v7-m/nofp\libc_nano.a(lib_a-memset.o)
 .debug_frame   0x00001d68       0x94 d:/armgcc/9 2020-q2-update/bin/../lib/gcc/arm-none-eabi/9.3.1/../../../../arm-none-eabi/lib/thumb/v7-m/nofp\libc_nano.a(lib_a-nano-vfprintf_float.o)
 .debug_frame   0x00001dfc       0x60 d:/armgcc/9 2020-q2-update/bin/../lib/gcc/arm-none-eabi/9.3.1/../../../../arm-none-eabi/lib/thumb/v7-m/nofp\libc_nano.a(lib_a-nano-vfprintf_i.o)
 .debug_frame   0x00001e5c       0x74 d:/armgcc/9 2020-q2-update/bin/../lib/gcc/arm-none-eabi/9.3.1/../../../../arm-none-eabi/lib/thumb/v7-m/nofp\libc_nano.a(lib_a-printf.o)
 .debug_frame   0x00001ed0       0x3c d:/armgcc/9 2020-q2-update/bin/../lib/gcc/arm-none-eabi/9.3.1/../../../../arm-none-eabi/lib/thumb/v7-m/nofp\libc_nano.a(lib_a-puts.o)
 .debug_frame   0x00001f0c       0x40 d:/armgcc/9 2020-q2-update/bin/../lib/gcc/arm-none-eabi/9.3.1/../../../../arm-none-eabi/lib/thumb/v7-m/nofp\libc_nano.a(lib_a-wbuf.o)
 .debug_frame   0x00001f4c       0x2c d:/armgcc/9 2020-q2-update/bin/../lib/gcc/arm-none-eabi/9.3.1/../../../../arm-none-eabi/lib/thumb/v7-m/nofp\libc_nano.a(lib_a-wsetup.o)
 .debug_frame   0x00001f78       0x6c d:/armgcc/9 2020-q2-update/bin/../lib/gcc/arm-none-eabi/9.3.1/../../../../arm-none-eabi/lib/thumb/v7-m/nofp\libc_nano.a(lib_a-dtoa.o)
 .debug_frame   0x00001fe4       0x5c d:/armgcc/9 2020-q2-update/bin/../lib/gcc/arm-none-eabi/9.3.1/../../../../arm-none-eabi/lib/thumb/v7-m/nofp\libc_nano.a(lib_a-fflush.o)
 .debug_frame   0x00002040      0x14c d:/armgcc/9 2020-q2-update/bin/../lib/gcc/arm-none-eabi/9.3.1/../../../../arm-none-eabi/lib/thumb/v7-m/nofp\libc_nano.a(lib_a-findfp.o)
 .debug_frame   0x0000218c       0x54 d:/armgcc/9 2020-q2-update/bin/../lib/gcc/arm-none-eabi/9.3.1/../../../../arm-none-eabi/lib/thumb/v7-m/nofp\libc_nano.a(lib_a-fwalk.o)
 .debug_frame   0x000021e0       0x40 d:/armgcc/9 2020-q2-update/bin/../lib/gcc/arm-none-eabi/9.3.1/../../../../arm-none-eabi/lib/thumb/v7-m/nofp\libc_nano.a(lib_a-localeconv.o)
 .debug_frame   0x00002220       0xb0 d:/armgcc/9 2020-q2-update/bin/../lib/gcc/arm-none-eabi/9.3.1/../../../../arm-none-eabi/lib/thumb/v7-m/nofp\libc_nano.a(lib_a-lock.o)
 .debug_frame   0x000022d0       0x58 d:/armgcc/9 2020-q2-update/bin/../lib/gcc/arm-none-eabi/9.3.1/../../../../arm-none-eabi/lib/thumb/v7-m/nofp\libc_nano.a(lib_a-makebuf.o)
 .debug_frame   0x00002328       0x30 d:/armgcc/9 2020-q2-update/bin/../lib/gcc/arm-none-eabi/9.3.1/../../../../arm-none-eabi/lib/thumb/v7-m/nofp\libc_nano.a(lib_a-malloc.o)
 .debug_frame   0x00002358       0x28 d:/armgcc/9 2020-q2-update/bin/../lib/gcc/arm-none-eabi/9.3.1/../../../../arm-none-eabi/lib/thumb/v7-m/nofp\libc_nano.a(lib_a-memchr-stub.o)
 .debug_frame   0x00002380       0x28 d:/armgcc/9 2020-q2-update/bin/../lib/gcc/arm-none-eabi/9.3.1/../../../../arm-none-eabi/lib/thumb/v7-m/nofp\libc_nano.a(lib_a-memcpy-stub.o)
 .debug_frame   0x000023a8      0x254 d:/armgcc/9 2020-q2-update/bin/../lib/gcc/arm-none-eabi/9.3.1/../../../../arm-none-eabi/lib/thumb/v7-m/nofp\libc_nano.a(lib_a-mprec.o)
 .debug_frame   0x000025fc       0x2c d:/armgcc/9 2020-q2-update/bin/../lib/gcc/arm-none-eabi/9.3.1/../../../../arm-none-eabi/lib/thumb/v7-m/nofp\libc_nano.a(lib_a-nano-callocr.o)
 .debug_frame   0x00002628       0x38 d:/armgcc/9 2020-q2-update/bin/../lib/gcc/arm-none-eabi/9.3.1/../../../../arm-none-eabi/lib/thumb/v7-m/nofp\libc_nano.a(lib_a-nano-freer.o)
 .debug_frame   0x00002660       0x30 d:/armgcc/9 2020-q2-update/bin/../lib/gcc/arm-none-eabi/9.3.1/../../../../arm-none-eabi/lib/thumb/v7-m/nofp\libc_nano.a(lib_a-nano-mallocr.o)
 .debug_frame   0x00002690       0xac d:/armgcc/9 2020-q2-update/bin/../lib/gcc/arm-none-eabi/9.3.1/../../../../arm-none-eabi/lib/thumb/v7-m/nofp\libc_nano.a(lib_a-nano-vfprintf.o)
 .debug_frame   0x0000273c       0x2c d:/armgcc/9 2020-q2-update/bin/../lib/gcc/arm-none-eabi/9.3.1/../../../../arm-none-eabi/lib/thumb/v7-m/nofp\libc_nano.a(lib_a-sbrkr.o)
 .debug_frame   0x00002768       0x88 d:/armgcc/9 2020-q2-update/bin/../lib/gcc/arm-none-eabi/9.3.1/../../../../arm-none-eabi/lib/thumb/v7-m/nofp\libc_nano.a(lib_a-stdio.o)
 .debug_frame   0x000027f0       0x2c d:/armgcc/9 2020-q2-update/bin/../lib/gcc/arm-none-eabi/9.3.1/../../../../arm-none-eabi/lib/thumb/v7-m/nofp\libc_nano.a(lib_a-writer.o)
 .debug_frame   0x0000281c       0x40 d:/armgcc/9 2020-q2-update/bin/../lib/gcc/arm-none-eabi/9.3.1/../../../../arm-none-eabi/lib/thumb/v7-m/nofp\libc_nano.a(lib_a-assert.o)
 .debug_frame   0x0000285c       0x2c d:/armgcc/9 2020-q2-update/bin/../lib/gcc/arm-none-eabi/9.3.1/../../../../arm-none-eabi/lib/thumb/v7-m/nofp\libc_nano.a(lib_a-closer.o)
 .debug_frame   0x00002888       0x64 d:/armgcc/9 2020-q2-update/bin/../lib/gcc/arm-none-eabi/9.3.1/../../../../arm-none-eabi/lib/thumb/v7-m/nofp\libc_nano.a(lib_a-fprintf.o)
 .debug_frame   0x000028ec       0x2c d:/armgcc/9 2020-q2-update/bin/../lib/gcc/arm-none-eabi/9.3.1/../../../../arm-none-eabi/lib/thumb/v7-m/nofp\libc_nano.a(lib_a-fstatr.o)
 .debug_frame   0x00002918       0x2c d:/armgcc/9 2020-q2-update/bin/../lib/gcc/arm-none-eabi/9.3.1/../../../../arm-none-eabi/lib/thumb/v7-m/nofp\libc_nano.a(lib_a-isattyr.o)
 .debug_frame   0x00002944       0x48 d:/armgcc/9 2020-q2-update/bin/../lib/gcc/arm-none-eabi/9.3.1/../../../../arm-none-eabi/lib/thumb/v7-m/nofp\libc_nano.a(lib_a-locale.o)
 .debug_frame   0x0000298c       0x2c d:/armgcc/9 2020-q2-update/bin/../lib/gcc/arm-none-eabi/9.3.1/../../../../arm-none-eabi/lib/thumb/v7-m/nofp\libc_nano.a(lib_a-lseekr.o)
 .debug_frame   0x000029b8       0x48 d:/armgcc/9 2020-q2-update/bin/../lib/gcc/arm-none-eabi/9.3.1/../../../../arm-none-eabi/lib/thumb/v7-m/nofp\libc_nano.a(lib_a-mbtowc_r.o)
 .debug_frame   0x00002a00       0x30 d:/armgcc/9 2020-q2-update/bin/../lib/gcc/arm-none-eabi/9.3.1/../../../../arm-none-eabi/lib/thumb/v7-m/nofp\libc_nano.a(lib_a-mlock.o)
 .debug_frame   0x00002a30       0x2c d:/armgcc/9 2020-q2-update/bin/../lib/gcc/arm-none-eabi/9.3.1/../../../../arm-none-eabi/lib/thumb/v7-m/nofp\libc_nano.a(lib_a-readr.o)
 .debug_frame   0x00002a5c       0x5c d:/armgcc/9 2020-q2-update/bin/../lib/gcc/arm-none-eabi/9.3.1/../../../../arm-none-eabi/lib/thumb/v7-m/nofp\libc_nano.a(lib_a-reent.o)
 .debug_frame   0x00002ab8       0x3c d:/armgcc/9 2020-q2-update/bin/../lib/gcc/arm-none-eabi/9.3.1/../../../../arm-none-eabi/lib/thumb/v7-m/nofp\libc_nano.a(lib_a-wctomb_r.o)
 .debug_frame   0x00002af4       0x28 d:/armgcc/9 2020-q2-update/bin/../lib/gcc/arm-none-eabi/9.3.1/../../../../arm-none-eabi/lib/thumb/v7-m/nofp\libc_nano.a(lib_a-abort.o)
 .debug_frame   0x00002b1c       0xcc d:/armgcc/9 2020-q2-update/bin/../lib/gcc/arm-none-eabi/9.3.1/../../../../arm-none-eabi/lib/thumb/v7-m/nofp\libc_nano.a(lib_a-signal.o)
 .debug_frame   0x00002be8       0x3c d:/armgcc/9 2020-q2-update/bin/../lib/gcc/arm-none-eabi/9.3.1/../../../../arm-none-eabi/lib/thumb/v7-m/nofp\libc_nano.a(lib_a-signalr.o)
 .debug_frame   0x00002c24       0x20 d:/armgcc/9 2020-q2-update/bin/../lib/gcc/arm-none-eabi/9.3.1/../../../../arm-none-eabi/lib/thumb/v7-m/nofp\libnosys.a(close.o)
 .debug_frame   0x00002c44       0x20 d:/armgcc/9 2020-q2-update/bin/../lib/gcc/arm-none-eabi/9.3.1/../../../../arm-none-eabi/lib/thumb/v7-m/nofp\libnosys.a(fstat.o)
 .debug_frame   0x00002c64       0x20 d:/armgcc/9 2020-q2-update/bin/../lib/gcc/arm-none-eabi/9.3.1/../../../../arm-none-eabi/lib/thumb/v7-m/nofp\libnosys.a(getpid.o)
 .debug_frame   0x00002c84       0x20 d:/armgcc/9 2020-q2-update/bin/../lib/gcc/arm-none-eabi/9.3.1/../../../../arm-none-eabi/lib/thumb/v7-m/nofp\libnosys.a(isatty.o)
 .debug_frame   0x00002ca4       0x20 d:/armgcc/9 2020-q2-update/bin/../lib/gcc/arm-none-eabi/9.3.1/../../../../arm-none-eabi/lib/thumb/v7-m/nofp\libnosys.a(kill.o)
 .debug_frame   0x00002cc4       0x20 d:/armgcc/9 2020-q2-update/bin/../lib/gcc/arm-none-eabi/9.3.1/../../../../arm-none-eabi/lib/thumb/v7-m/nofp\libnosys.a(lseek.o)
 .debug_frame   0x00002ce4       0x20 d:/armgcc/9 2020-q2-update/bin/../lib/gcc/arm-none-eabi/9.3.1/../../../../arm-none-eabi/lib/thumb/v7-m/nofp\libnosys.a(read.o)
 .debug_frame   0x00002d04       0x20 d:/armgcc/9 2020-q2-update/bin/../lib/gcc/arm-none-eabi/9.3.1/../../../../arm-none-eabi/lib/thumb/v7-m/nofp\libnosys.a(sbrk.o)
 .debug_frame   0x00002d24       0x20 d:/armgcc/9 2020-q2-update/bin/../lib/gcc/arm-none-eabi/9.3.1/../../../../arm-none-eabi/lib/thumb/v7-m/nofp\libnosys.a(_exit.o)
 .debug_frame   0x00002d44       0xac d:/armgcc/9 2020-q2-update/bin/../lib/gcc/arm-none-eabi/9.3.1/thumb/v7-m/nofp\libgcc.a(_arm_addsubdf3.o)
 .debug_frame   0x00002df0       0x50 d:/armgcc/9 2020-q2-update/bin/../lib/gcc/arm-none-eabi/9.3.1/thumb/v7-m/nofp\libgcc.a(_arm_muldivdf3.o)
 .debug_frame   0x00002e40       0xc4 d:/armgcc/9 2020-q2-update/bin/../lib/gcc/arm-none-eabi/9.3.1/thumb/v7-m/nofp\libgcc.a(_arm_cmpdf2.o)
 .debug_frame   0x00002f04       0x20 d:/armgcc/9 2020-q2-update/bin/../lib/gcc/arm-none-eabi/9.3.1/thumb/v7-m/nofp\libgcc.a(_arm_unorddf2.o)
 .debug_frame   0x00002f24       0x24 d:/armgcc/9 2020-q2-update/bin/../lib/gcc/arm-none-eabi/9.3.1/thumb/v7-m/nofp\libgcc.a(_arm_fixdfsi.o)
 .debug_frame   0x00002f48       0x24 d:/armgcc/9 2020-q2-update/bin/../lib/gcc/arm-none-eabi/9.3.1/thumb/v7-m/nofp\libgcc.a(_arm_fixunsdfsi.o)

.stab           0x00000000       0xb4
 .stab          0x00000000       0x24 d:/armgcc/9 2020-q2-update/bin/../lib/gcc/arm-none-eabi/9.3.1/../../../../arm-none-eabi/lib/thumb/v7-m/nofp\libnosys.a(close.o)
 .stab          0x00000024       0x18 d:/armgcc/9 2020-q2-update/bin/../lib/gcc/arm-none-eabi/9.3.1/../../../../arm-none-eabi/lib/thumb/v7-m/nofp\libnosys.a(fstat.o)
                                 0x24 (size before relaxing)
 .stab          0x0000003c       0x18 d:/armgcc/9 2020-q2-update/bin/../lib/gcc/arm-none-eabi/9.3.1/../../../../arm-none-eabi/lib/thumb/v7-m/nofp\libnosys.a(getpid.o)
                                 0x24 (size before relaxing)
 .stab          0x00000054       0x18 d:/armgcc/9 2020-q2-update/bin/../lib/gcc/arm-none-eabi/9.3.1/../../../../arm-none-eabi/lib/thumb/v7-m/nofp\libnosys.a(isatty.o)
                                 0x24 (size before relaxing)
 .stab          0x0000006c       0x18 d:/armgcc/9 2020-q2-update/bin/../lib/gcc/arm-none-eabi/9.3.1/../../../../arm-none-eabi/lib/thumb/v7-m/nofp\libnosys.a(kill.o)
                                 0x24 (size before relaxing)
 .stab          0x00000084       0x18 d:/armgcc/9 2020-q2-update/bin/../lib/gcc/arm-none-eabi/9.3.1/../../../../arm-none-eabi/lib/thumb/v7-m/nofp\libnosys.a(lseek.o)
                                 0x24 (size before relaxing)
 .stab          0x0000009c       0x18 d:/armgcc/9 2020-q2-update/bin/../lib/gcc/arm-none-eabi/9.3.1/../../../../arm-none-eabi/lib/thumb/v7-m/nofp\libnosys.a(read.o)
                                 0x24 (size before relaxing)

.stabstr        0x00000000      0x183
 .stabstr       0x00000000      0x183 d:/armgcc/9 2020-q2-update/bin/../lib/gcc/arm-none-eabi/9.3.1/../../../../arm-none-eabi/lib/thumb/v7-m/nofp\libnosys.a(close.o)

Cross Reference Table

Symbol                                            File
ADC1_2_IRQHandler                                 build/startup_stm32f103xe.o
ADC3_IRQHandler                                   build/startup_stm32f103xe.o
AHBPrescTable                                     build/system_stm32f1xx.o
                                                  build/stm32f1xx_hal_rcc.o
APBPrescTable                                     build/system_stm32f1xx.o
                                                  build/stm32f1xx_hal_rcc.o
BusFault_Handler                                  build/stm32f1xx_it.o
CAN1_RX1_IRQHandler                               build/startup_stm32f103xe.o
CAN1_SCE_IRQHandler                               build/startup_stm32f103xe.o
DMA1_Channel1_IRQHandler                          build/startup_stm32f103xe.o
DMA1_Channel2_IRQHandler                          build/startup_stm32f103xe.o
DMA1_Channel3_IRQHandler                          build/startup_stm32f103xe.o
DMA1_Channel4_IRQHandler                          build/startup_stm32f103xe.o
DMA1_Channel5_IRQHandler                          build/startup_stm32f103xe.o
DMA1_Channel6_IRQHandler                          build/startup_stm32f103xe.o
DMA1_Channel7_IRQHandler                          build/startup_stm32f103xe.o
DMA2_Channel1_IRQHandler                          build/startup_stm32f103xe.o
DMA2_Channel2_IRQHandler                          build/startup_stm32f103xe.o
DMA2_Channel3_IRQHandler                          build/startup_stm32f103xe.o
DMA2_Channel4_5_IRQHandler                        build/startup_stm32f103xe.o
DS18B20_GetTemperature                            build/DS18B20.o
                                                  build/main.o
DS18B20_Init                                      build/DS18B20.o
                                                  build/main.o
DS18B20_TempDataStruct                            build/DS18B20.o
                                                  build/main.o
DebugMon_Handler                                  build/stm32f1xx_it.o
Default_Handler                                   build/startup_stm32f103xe.o
EXTI0_IRQHandler                                  build/startup_stm32f103xe.o
EXTI15_10_IRQHandler                              build/startup_stm32f103xe.o
EXTI1_IRQHandler                                  build/startup_stm32f103xe.o
EXTI2_IRQHandler                                  build/startup_stm32f103xe.o
EXTI3_IRQHandler                                  build/startup_stm32f103xe.o
EXTI4_IRQHandler                                  build/startup_stm32f103xe.o
EXTI9_5_IRQHandler                                build/startup_stm32f103xe.o
Error_Handler                                     build/main.o
                                                  build/usart.o
                                                  build/tim.o
FLASH_IRQHandler                                  build/startup_stm32f103xe.o
FLASH_PageErase                                   build/stm32f1xx_hal_flash_ex.o
                                                  build/stm32f1xx_hal_flash.o
FLASH_WaitForLastOperation                        build/stm32f1xx_hal_flash.o
                                                  build/stm32f1xx_hal_flash_ex.o
FSMC_IRQHandler                                   build/startup_stm32f103xe.o
HAL_DBGMCU_DisableDBGSleepMode                    build/stm32f1xx_hal.o
HAL_DBGMCU_DisableDBGStandbyMode                  build/stm32f1xx_hal.o
HAL_DBGMCU_DisableDBGStopMode                     build/stm32f1xx_hal.o
HAL_DBGMCU_EnableDBGSleepMode                     build/stm32f1xx_hal.o
HAL_DBGMCU_EnableDBGStandbyMode                   build/stm32f1xx_hal.o
HAL_DBGMCU_EnableDBGStopMode                      build/stm32f1xx_hal.o
HAL_DMA_Abort                                     build/stm32f1xx_hal_dma.o
                                                  build/stm32f1xx_hal_uart.o
HAL_DMA_Abort_IT                                  build/stm32f1xx_hal_dma.o
                                                  build/stm32f1xx_hal_uart.o
                                                  build/stm32f1xx_hal_tim_ex.o
                                                  build/stm32f1xx_hal_tim.o
HAL_DMA_DeInit                                    build/stm32f1xx_hal_dma.o
HAL_DMA_GetError                                  build/stm32f1xx_hal_dma.o
                                                  build/stm32f1xx_hal_uart.o
HAL_DMA_GetState                                  build/stm32f1xx_hal_dma.o
HAL_DMA_IRQHandler                                build/stm32f1xx_hal_dma.o
HAL_DMA_Init                                      build/stm32f1xx_hal_dma.o
HAL_DMA_PollForTransfer                           build/stm32f1xx_hal_dma.o
HAL_DMA_RegisterCallback                          build/stm32f1xx_hal_dma.o
HAL_DMA_Start                                     build/stm32f1xx_hal_dma.o
HAL_DMA_Start_IT                                  build/stm32f1xx_hal_dma.o
                                                  build/stm32f1xx_hal_uart.o
                                                  build/stm32f1xx_hal_tim_ex.o
                                                  build/stm32f1xx_hal_tim.o
HAL_DMA_UnRegisterCallback                        build/stm32f1xx_hal_dma.o
HAL_DeInit                                        build/stm32f1xx_hal.o
HAL_Delay                                         build/stm32f1xx_hal.o
                                                  build/DS18B20.o
                                                  build/main.o
HAL_Delay_us                                      build/DS18B20.o
HAL_EXTI_ClearConfigLine                          build/stm32f1xx_hal_exti.o
HAL_EXTI_ClearPending                             build/stm32f1xx_hal_exti.o
HAL_EXTI_GenerateSWI                              build/stm32f1xx_hal_exti.o
HAL_EXTI_GetConfigLine                            build/stm32f1xx_hal_exti.o
HAL_EXTI_GetHandle                                build/stm32f1xx_hal_exti.o
HAL_EXTI_GetPending                               build/stm32f1xx_hal_exti.o
HAL_EXTI_IRQHandler                               build/stm32f1xx_hal_exti.o
HAL_EXTI_RegisterCallback                         build/stm32f1xx_hal_exti.o
HAL_EXTI_SetConfigLine                            build/stm32f1xx_hal_exti.o
HAL_FLASHEx_Erase                                 build/stm32f1xx_hal_flash_ex.o
HAL_FLASHEx_Erase_IT                              build/stm32f1xx_hal_flash_ex.o
HAL_FLASHEx_OBErase                               build/stm32f1xx_hal_flash_ex.o
HAL_FLASHEx_OBGetConfig                           build/stm32f1xx_hal_flash_ex.o
HAL_FLASHEx_OBGetUserData                         build/stm32f1xx_hal_flash_ex.o
HAL_FLASHEx_OBProgram                             build/stm32f1xx_hal_flash_ex.o
HAL_FLASH_EndOfOperationCallback                  build/stm32f1xx_hal_flash.o
HAL_FLASH_GetError                                build/stm32f1xx_hal_flash.o
HAL_FLASH_IRQHandler                              build/stm32f1xx_hal_flash.o
HAL_FLASH_Lock                                    build/stm32f1xx_hal_flash.o